Archive member included to satisfy reference by file (symbol)

/Users/andreuschmann/devkitPro/portlibs/3ds/lib/libSDL.a(SDL.o)
                              main.o (SDL_Init)
/Users/andreuschmann/devkitPro/portlibs/3ds/lib/libSDL.a(SDL_error.o)
                              /Users/andreuschmann/devkitPro/portlibs/3ds/lib/libSDL.a(SDL.o) (SDL_SetError)
/Users/andreuschmann/devkitPro/portlibs/3ds/lib/libSDL.a(SDL_fatal.o)
                              /Users/andreuschmann/devkitPro/portlibs/3ds/lib/libSDL.a(SDL.o) (SDL_InstallParachute)
/Users/andreuschmann/devkitPro/portlibs/3ds/lib/libSDL.a(SDL_audio.o)
                              /Users/andreuschmann/devkitPro/portlibs/3ds/lib/libSDL.a(SDL.o) (SDL_AudioQuit)
/Users/andreuschmann/devkitPro/portlibs/3ds/lib/libSDL.a(SDL_audiocvt.o)
                              /Users/andreuschmann/devkitPro/portlibs/3ds/lib/libSDL.a(SDL_audio.o) (SDL_ConvertAudio)
/Users/andreuschmann/devkitPro/portlibs/3ds/lib/libSDL.a(SDL_rwops.o)
                              main.o (SDL_RWFromFile)
/Users/andreuschmann/devkitPro/portlibs/3ds/lib/libSDL.a(SDL_thread.o)
                              /Users/andreuschmann/devkitPro/portlibs/3ds/lib/libSDL.a(SDL_error.o) (SDL_GetErrBuf)
/Users/andreuschmann/devkitPro/portlibs/3ds/lib/libSDL.a(SDL_timer.o)
                              /Users/andreuschmann/devkitPro/portlibs/3ds/lib/libSDL.a(SDL.o) (SDL_TimerQuit)
/Users/andreuschmann/devkitPro/portlibs/3ds/lib/libSDL.a(SDL_bmp.o)
                              main.o (SDL_LoadBMP_RW)
/Users/andreuschmann/devkitPro/portlibs/3ds/lib/libSDL.a(SDL_cursor.o)
                              main.o (SDL_ShowCursor)
/Users/andreuschmann/devkitPro/portlibs/3ds/lib/libSDL.a(SDL_pixels.o)
                              /Users/andreuschmann/devkitPro/portlibs/3ds/lib/libSDL.a(SDL_cursor.o) (SDL_MapRGB)
/Users/andreuschmann/devkitPro/portlibs/3ds/lib/libSDL.a(SDL_surface.o)
                              /Users/andreuschmann/devkitPro/portlibs/3ds/lib/libSDL.a(SDL_bmp.o) (SDL_LowerBlit)
/Users/andreuschmann/devkitPro/portlibs/3ds/lib/libSDL.a(SDL_video.o)
                              /Users/andreuschmann/devkitPro/portlibs/3ds/lib/libSDL.a(SDL_surface.o) (SDL_GetVideoInfo)
/Users/andreuschmann/devkitPro/portlibs/3ds/lib/libSDL.a(SDL_joystick.o)
                              /Users/andreuschmann/devkitPro/portlibs/3ds/lib/libSDL.a(SDL.o) (SDL_JoystickInit)
/Users/andreuschmann/devkitPro/portlibs/3ds/lib/libSDL.a(SDL_systimer.o)
                              /Users/andreuschmann/devkitPro/portlibs/3ds/lib/libSDL.a(SDL.o) (SDL_StartTicks)
/Users/andreuschmann/devkitPro/portlibs/3ds/lib/libSDL.a(SDL_n3dsaudio.o)
                              /Users/andreuschmann/devkitPro/portlibs/3ds/lib/libSDL.a(SDL_audio.o) (N3DSAUD_bootstrap)
/Users/andreuschmann/devkitPro/portlibs/3ds/lib/libSDL.a(SDL_sysjoystick.o)
                              /Users/andreuschmann/devkitPro/portlibs/3ds/lib/libSDL.a(SDL_joystick.o) (SDL_SYS_JoystickInit)
/Users/andreuschmann/devkitPro/portlibs/3ds/lib/libSDL.a(SDL_sysmutex.o)
                              /Users/andreuschmann/devkitPro/portlibs/3ds/lib/libSDL.a(SDL_audio.o) (SDL_CreateMutex)
/Users/andreuschmann/devkitPro/portlibs/3ds/lib/libSDL.a(SDL_syssem.o)
                              /Users/andreuschmann/devkitPro/portlibs/3ds/lib/libSDL.a(SDL_thread.o) (SDL_CreateSemaphore)
/Users/andreuschmann/devkitPro/portlibs/3ds/lib/libSDL.a(SDL_systhread.o)
                              /Users/andreuschmann/devkitPro/portlibs/3ds/lib/libSDL.a(SDL_thread.o) (SDL_SYS_CreateThread)
/Users/andreuschmann/devkitPro/portlibs/3ds/lib/libSDL.a(SDL_n3dsevents.o)
                              /Users/andreuschmann/devkitPro/portlibs/3ds/lib/libSDL.a(SDL_n3dsaudio.o) (app_exiting)
/Users/andreuschmann/devkitPro/portlibs/3ds/lib/libSDL.a(SDL_n3dsvideo.o)
                              /Users/andreuschmann/devkitPro/portlibs/3ds/lib/libSDL.a(SDL_video.o) (N3DS_bootstrap)
/Users/andreuschmann/devkitPro/portlibs/3ds/lib/libSDL.a(SDL_events.o)
                              /Users/andreuschmann/devkitPro/portlibs/3ds/lib/libSDL.a(SDL_joystick.o) (SDL_Lock_EventThread)
/Users/andreuschmann/devkitPro/portlibs/3ds/lib/libSDL.a(SDL_keyboard.o)
                              /Users/andreuschmann/devkitPro/portlibs/3ds/lib/libSDL.a(SDL_events.o) (SDL_KeyboardInit)
/Users/andreuschmann/devkitPro/portlibs/3ds/lib/libSDL.a(SDL_mouse.o)
                              /Users/andreuschmann/devkitPro/portlibs/3ds/lib/libSDL.a(SDL_events.o) (SDL_MouseInit)
/Users/andreuschmann/devkitPro/portlibs/3ds/lib/libSDL.a(SDL_quit.o)
                              /Users/andreuschmann/devkitPro/portlibs/3ds/lib/libSDL.a(SDL_events.o) (SDL_QuitInit)
/Users/andreuschmann/devkitPro/portlibs/3ds/lib/libSDL.a(SDL_resize.o)
                              /Users/andreuschmann/devkitPro/portlibs/3ds/lib/libSDL.a(SDL_video.o) (SDL_PrivateResize)
/Users/andreuschmann/devkitPro/portlibs/3ds/lib/libSDL.a(SDL_string.o)
[...]
Memory Configuration

Name             Origin             Length             Attributes
*default*        0x0000000000000000 0xffffffffffffffff

Linker script and memory map

                0x0000000000100000                PROVIDE (__start__, 0x100000)
                0x0000000000100000                . = __start__

.text           0x0000000000100000    0x5249c
 *(.crt0)
 .crt0          0x0000000000100000       0x94 /Users/andreuschmann/devkitPro/devkitARM/bin/../lib/gcc/arm-none-eabi/7.1.0/../../../../arm-none-eabi/lib/armv6k/fpu/3dsx_crt0.o
                0x0000000000100000                _start
                0x0000000000100008                __service_ptr
                0x000000000010000c                __apt_appid
                0x0000000000100010                __heap_size
                0x0000000000100014                __linear_heap_size
                0x0000000000100018                __system_arglist
                0x000000000010001c                __system_runflags
 *(.init)
 .init          0x0000000000100094        0xc /Users/andreuschmann/devkitPro/devkitARM/bin/../lib/gcc/arm-none-eabi/7.1.0/armv6k/fpu/crti.o
                0x0000000000100094                _init
 .init          0x00000000001000a0        0xc /Users/andreuschmann/devkitPro/devkitARM/bin/../lib/gcc/arm-none-eabi/7.1.0/armv6k/fpu/crtn.o
                0x00000000001000ac                . = ALIGN (0x4)
 *(.text)
 .text          0x00000000001000ac       0x64 /Users/andreuschmann/devkitPro/libctru/lib/libctru.a(stack_adjust.o)
                0x00000000001000ac                initSystem
                0x00000000001000f0                __ctru_exit
 .text          0x0000000000100110      0x20c /Users/andreuschmann/devkitPro/devkitARM/bin/../lib/gcc/arm-none-eabi/7.1.0/armv6k/fpu/libgcc.a(_udivsi3.o)
                0x0000000000100110                __udivsi3
                0x0000000000100110                __aeabi_uidiv
                0x00000000001002fc                __aeabi_uidivmod
 .text          0x000000000010031c      0x240 /Users/andreuschmann/devkitPro/devkitARM/bin/../lib/gcc/arm-none-eabi/7.1.0/armv6k/fpu/libgcc.a(_divsi3.o)
                0x000000000010031c                __aeabi_idiv
                0x000000000010031c                __divsi3
                0x000000000010053c                __aeabi_idivmod
 .text          0x000000000010055c        0x4 /Users/andreuschmann/devkitPro/devkitARM/bin/../lib/gcc/arm-none-eabi/7.1.0/armv6k/fpu/libgcc.a(_dvmd_tls.o)
                0x000000000010055c                __aeabi_ldiv0
                0x000000000010055c                __aeabi_idiv0
 .text          0x0000000000100560       0x3c /Users/andreuschmann/devkitPro/devkitARM/bin/../lib/gcc/arm-none-eabi/7.1.0/armv6k/fpu/libgcc.a(_aeabi_uldivmod.o)
                0x0000000000100560                __aeabi_uldivmod
 *fill*         0x000000000010059c        0x4 
 .text          0x00000000001005a0      0x390 /Users/andreuschmann/devkitPro/devkitARM/bin/../lib/gcc/arm-none-eabi/7.1.0/../../../../arm-none-eabi/lib/armv6k/fpu/libg.a(lib_a-strcmp.o)
                0x00000000001005a8                strcmp
 *(.text.*)
 .text.deregister_tm_clones
                0x0000000000100930       0x2c /Users/andreuschmann/devkitPro/devkitARM/bin/../lib/gcc/arm-none-eabi/7.1.0/armv6k/fpu/crtbegin.o
 .text.register_tm_clones
                0x000000000010095c       0x38 /Users/andreuschmann/devkitPro/devkitARM/bin/../lib/gcc/arm-none-eabi/7.1.0/armv6k/fpu/crtbegin.o
 .text.__do_global_dtors_aux
                0x0000000000100994       0x44 /Users/andreuschmann/devkitPro/devkitARM/bin/../lib/gcc/arm-none-eabi/7.1.0/armv6k/fpu/crtbegin.o
 .text.frame_dummy
                0x00000000001009d8       0x34 /Users/andreuschmann/devkitPro/devkitARM/bin/../lib/gcc/arm-none-eabi/7.1.0/armv6k/fpu/crtbegin.o
 .text.load_image
                0x0000000000100a0c       0x84 main.o
                0x0000000000100a0c                load_image
 .text.startup.main
                0x0000000000100a90      0x188 main.o
                0x0000000000100a90                main
 .text.SDL_Init
                0x0000000000100c18      0x16c /Users/andreuschmann/devkitPro/portlibs/3ds/lib/libSDL.a(SDL.o)
                0x0000000000100c18                SDL_Init
 .text.SDL_Quit
                0x0000000000100d84       0x84 /Users/andreuschmann/devkitPro/portlibs/3ds/lib/libSDL.a(SDL.o)
                0x0000000000100d84                SDL_Quit
 .text.SDL_SetError
                0x0000000000100e08      0x1cc /Users/andreuschmann/devkitPro/portlibs/3ds/lib/libSDL.a(SDL_error.o)
                0x0000000000100e08                SDL_SetError
 .text.SDL_GetErrorMsg
                0x0000000000100fd4      0x2c4 /Users/andreuschmann/devkitPro/portlibs/3ds/lib/libSDL.a(SDL_error.o)
                0x0000000000100fd4                SDL_GetErrorMsg
 .text.SDL_GetError
                0x0000000000101298       0x10 /Users/andreuschmann/devkitPro/portlibs/3ds/lib/libSDL.a(SDL_error.o)
                0x0000000000101298                SDL_GetError
 .text.SDL_ClearError
                0x00000000001012a8       0x14 /Users/andreuschmann/devkitPro/portlibs/3ds/lib/libSDL.a(SDL_error.o)
                0x00000000001012a8                SDL_ClearError
 .text.SDL_Error
                0x00000000001012bc       0x58 /Users/andreuschmann/devkitPro/portlibs/3ds/lib/libSDL.a(SDL_error.o)
                0x00000000001012bc                SDL_Error
 .text.SDL_Parachute
                0x0000000000101314       0x20 /Users/andreuschmann/devkitPro/portlibs/3ds/lib/libSDL.a(SDL_fatal.o)
 .text.SDL_InstallParachute
                0x0000000000101334       0x44 /Users/andreuschmann/devkitPro/portlibs/3ds/lib/libSDL.a(SDL_fatal.o)
                0x0000000000101334                SDL_InstallParachute
 .text.SDL_UninstallParachute
                0x0000000000101378       0x4c /Users/andreuschmann/devkitPro/portlibs/3ds/lib/libSDL.a(SDL_fatal.o)
                0x0000000000101378                SDL_UninstallParachute
 .text.SDL_LockAudio_Default
                0x00000000001013c4       0x34 /Users/andreuschmann/devkitPro/portlibs/3ds/lib/libSDL.a(SDL_audio.o)
 .text.SDL_UnlockAudio_Default
                0x00000000001013f8       0x34 /Users/andreuschmann/devkitPro/portlibs/3ds/lib/libSDL.a(SDL_audio.o)
 .text.SDL_AudioQuit
                0x000000000010142c       0xac /Users/andreuschmann/devkitPro/portlibs/3ds/lib/libSDL.a(SDL_audio.o)
                0x000000000010142c                SDL_AudioQuit
 .text.SDL_AudioInit
                0x00000000001014d8       0xe8 /Users/andreuschmann/devkitPro/portlibs/3ds/lib/libSDL.a(SDL_audio.o)
                0x00000000001014d8                SDL_AudioInit
 .text.SDL_FirstAudioFormat
                0x00000000001015c0       0xac /Users/andreuschmann/devkitPro/portlibs/3ds/lib/libSDL.a(SDL_audio.o)
                0x00000000001015c0                SDL_FirstAudioFormat
 .text.SDL_NextAudioFormat
                0x000000000010166c       0x54 /Users/andreuschmann/devkitPro/portlibs/3ds/lib/libSDL.a(SDL_audio.o)
                0x000000000010166c                SDL_NextAudioFormat
 .text.SDL_CalculateAudioSpec
                0x00000000001016c0       0x34 /Users/andreuschmann/devkitPro/portlibs/3ds/lib/libSDL.a(SDL_audio.o)
                0x00000000001016c0                SDL_CalculateAudioSpec
 .text.stdio_write
                0x00000000001016f4       0x4c /Users/andreuschmann/devkitPro/portlibs/3ds/lib/libSDL.a(SDL_rwops.o)
 .text.stdio_read
                0x0000000000101740       0x4c /Users/andreuschmann/devkitPro/portlibs/3ds/lib/libSDL.a(SDL_rwops.o)
 .text.stdio_seek
                0x000000000010178c       0x4c /Users/andreuschmann/devkitPro/portlibs/3ds/lib/libSDL.a(SDL_rwops.o)
 .text.stdio_close
                0x00000000001017d8       0x34 /Users/andreuschmann/devkitPro/portlibs/3ds/lib/libSDL.a(SDL_rwops.o)
 .text.SDL_RWFromFile
                0x000000000010180c       0xb4 /Users/andreuschmann/devkitPro/portlibs/3ds/lib/libSDL.a(SDL_rwops.o)
                0x000000000010180c                SDL_RWFromFile
 .text.SDL_ReadLE16
                0x00000000001018c0       0x28 /Users/andreuschmann/devkitPro/portlibs/3ds/lib/libSDL.a(SDL_rwops.o)
                0x00000000001018c0                SDL_ReadLE16
 .text.SDL_ReadLE32
                0x00000000001018e8       0x28 /Users/andreuschmann/devkitPro/portlibs/3ds/lib/libSDL.a(SDL_rwops.o)
                0x00000000001018e8                SDL_ReadLE32
 .text.SDL_GetErrBuf
                0x0000000000101910       0xa8 /Users/andreuschmann/devkitPro/portlibs/3ds/lib/libSDL.a(SDL_thread.o)
                0x0000000000101910                SDL_GetErrBuf
 .text.SDL_RunThread
                0x00000000001019b8       0x3c /Users/andreuschmann/devkitPro/portlibs/3ds/lib/libSDL.a(SDL_thread.o)
                0x00000000001019b8                SDL_RunThread
 .text.SDL_CreateThread
                0x00000000001019f4      0x238 /Users/andreuschmann/devkitPro/portlibs/3ds/lib/libSDL.a(SDL_thread.o)
                0x00000000001019f4                SDL_CreateThread
 .text.SDL_WaitThread
                0x0000000000101c2c      0x10c /Users/andreuschmann/devkitPro/portlibs/3ds/lib/libSDL.a(SDL_thread.o)
                0x0000000000101c2c                SDL_WaitThread
 .text.SDL_SetTimerThreaded
                0x0000000000101d38       0x44 /Users/andreuschmann/devkitPro/portlibs/3ds/lib/libSDL.a(SDL_timer.o)
                0x0000000000101d38                SDL_SetTimerThreaded
 .text.SDL_TimerQuit
                0x0000000000101d7c      0x110 /Users/andreuschmann/devkitPro/portlibs/3ds/lib/libSDL.a(SDL_timer.o)
                0x0000000000101d7c                SDL_TimerQuit
 .text.SDL_TimerInit
                0x0000000000101e8c       0x74 /Users/andreuschmann/devkitPro/portlibs/3ds/lib/libSDL.a(SDL_timer.o)
                0x0000000000101e8c                SDL_TimerInit
 .text.SDL_ThreadedTimerCheck
                0x0000000000101f00      0x134 /Users/andreuschmann/devkitPro/portlibs/3ds/lib/libSDL.a(SDL_timer.o)
                0x0000000000101f00                SDL_ThreadedTimerCheck
 .text.SDL_LoadBMP_RW
                0x0000000000102034      0x738 /Users/andreuschmann/devkitPro/portlibs/3ds/lib/libSDL.a(SDL_bmp.o)
                0x0000000000102034                SDL_LoadBMP_RW
 .text.SDL_DrawCursorNoLock
                0x000000000010276c      0xa5c /Users/andreuschmann/devkitPro/portlibs/3ds/lib/libSDL.a(SDL_cursor.o)
                0x000000000010276c                SDL_DrawCursorNoLock
 .text.SDL_DrawCursor
                0x00000000001031c8      0x180 /Users/andreuschmann/devkitPro/portlibs/3ds/lib/libSDL.a(SDL_cursor.o)
                0x00000000001031c8                SDL_DrawCursor
 .text.SDL_EraseCursor
                0x0000000000103348      0x358 /Users/andreuschmann/devkitPro/portlibs/3ds/lib/libSDL.a(SDL_cursor.o)
                0x0000000000103348                SDL_EraseCursor
 .text.SDL_SetCursor
                0x00000000001036a0      0x1bc /Users/andreuschmann/devkitPro/portlibs/3ds/lib/libSDL.a(SDL_cursor.o)
                0x00000000001036a0                SDL_SetCursor
 .text.SDL_FreeCursor
                0x000000000010385c       0xa0 /Users/andreuschmann/devkitPro/portlibs/3ds/lib/libSDL.a(SDL_cursor.o)
                0x000000000010385c                SDL_FreeCursor
 .text.SDL_CursorInit
                0x00000000001038fc      0x180 /Users/andreuschmann/devkitPro/portlibs/3ds/lib/libSDL.a(SDL_cursor.o)
                0x00000000001038fc                SDL_CursorInit
 .text.SDL_CursorQuit
                0x0000000000103a7c      0x154 /Users/andreuschmann/devkitPro/portlibs/3ds/lib/libSDL.a(SDL_cursor.o)
                0x0000000000103a7c                SDL_CursorQuit
 .text.SDL_MoveCursor
                0x0000000000103bd0       0xbc /Users/andreuschmann/devkitPro/portlibs/3ds/lib/libSDL.a(SDL_cursor.o)
                0x0000000000103bd0                SDL_MoveCursor
 .text.SDL_ShowCursor
                0x0000000000103c8c      0x1c0 /Users/andreuschmann/devkitPro/portlibs/3ds/lib/libSDL.a(SDL_cursor.o)
                0x0000000000103c8c                SDL_ShowCursor
 .text.SDL_ResetCursor
                0x0000000000103e4c       0x34 /Users/andreuschmann/devkitPro/portlibs/3ds/lib/libSDL.a(SDL_cursor.o)
                0x0000000000103e4c                SDL_ResetCursor
 .text.Map1to1  0x0000000000103e80      0x12c /Users/andreuschmann/devkitPro/portlibs/3ds/lib/libSDL.a(SDL_pixels.o)
 .text.MapNto1.isra.2
                0x0000000000103fac       0xa4 /Users/andreuschmann/devkitPro/portlibs/3ds/lib/libSDL.a(SDL_pixels.o)
 .text.SDL_AllocFormat
                0x0000000000104050      0x5a8 /Users/andreuschmann/devkitPro/portlibs/3ds/lib/libSDL.a(SDL_pixels.o)
                0x0000000000104050                SDL_AllocFormat
 .text.SDL_ReallocFormat
                0x00000000001045f8       0xd0 /Users/andreuschmann/devkitPro/portlibs/3ds/lib/libSDL.a(SDL_pixels.o)
                0x00000000001045f8                SDL_ReallocFormat
 .text.SDL_FormatChanged
                0x00000000001046c8       0x5c /Users/andreuschmann/devkitPro/portlibs/3ds/lib/libSDL.a(SDL_pixels.o)
                0x00000000001046c8                SDL_FormatChanged
 .text.SDL_FreeFormat
                0x0000000000104724       0x40 /Users/andreuschmann/devkitPro/portlibs/3ds/lib/libSDL.a(SDL_pixels.o)
                0x0000000000104724                SDL_FreeFormat
 .text.SDL_DitherColors
                0x0000000000104764       0x60 /Users/andreuschmann/devkitPro/portlibs/3ds/lib/libSDL.a(SDL_pixels.o)
                0x0000000000104764                SDL_DitherColors
 .text.SDL_CalculatePitch
                0x00000000001047c4       0x54 /Users/andreuschmann/devkitPro/portlibs/3ds/lib/libSDL.a(SDL_pixels.o)
                0x00000000001047c4                SDL_CalculatePitch
 .text.SDL_MapRGB
                0x0000000000104818       0xbc /Users/andreuschmann/devkitPro/portlibs/3ds/lib/libSDL.a(SDL_pixels.o)
                0x0000000000104818                SDL_MapRGB
 .text.SDL_GetRGB
                0x00000000001048d4       0xd0 /Users/andreuschmann/devkitPro/portlibs/3ds/lib/libSDL.a(SDL_pixels.o)
                0x00000000001048d4                SDL_GetRGB
 .text.SDL_AllocBlitMap
                0x00000000001049a4       0x8c /Users/andreuschmann/devkitPro/portlibs/3ds/lib/libSDL.a(SDL_pixels.o)
                0x00000000001049a4                SDL_AllocBlitMap
 .text.SDL_InvalidateMap
                0x0000000000104a30       0x34 /Users/andreuschmann/devkitPro/portlibs/3ds/lib/libSDL.a(SDL_pixels.o)
                0x0000000000104a30                SDL_InvalidateMap
 .text.SDL_MapSurface
                0x0000000000104a64      0x32c /Users/andreuschmann/devkitPro/portlibs/3ds/lib/libSDL.a(SDL_pixels.o)
                0x0000000000104a64                SDL_MapSurface
 .text.SDL_FreeBlitMap
                0x0000000000104d90       0x4c /Users/andreuschmann/devkitPro/portlibs/3ds/lib/libSDL.a(SDL_pixels.o)
                0x0000000000104d90                SDL_FreeBlitMap
 .text.SDL_SetColorKey
                0x0000000000104ddc      0x108 /Users/andreuschmann/devkitPro/portlibs/3ds/lib/libSDL.a(SDL_surface.o)
                0x0000000000104ddc                SDL_SetColorKey
 .text.SDL_SetAlpha
                0x0000000000104ee4      0x18c /Users/andreuschmann/devkitPro/portlibs/3ds/lib/libSDL.a(SDL_surface.o)
                0x0000000000104ee4                SDL_SetAlpha
 .text.SDL_SetClipRect
                0x0000000000105070       0xac /Users/andreuschmann/devkitPro/portlibs/3ds/lib/libSDL.a(SDL_surface.o)
                0x0000000000105070                SDL_SetClipRect
 .text.SDL_LowerBlit
                0x000000000010511c      0x120 /Users/andreuschmann/devkitPro/portlibs/3ds/lib/libSDL.a(SDL_surface.o)
                0x000000000010511c                SDL_LowerBlit
 .text.SDL_UpperBlit
                0x000000000010523c      0x1c8 /Users/andreuschmann/devkitPro/portlibs/3ds/lib/libSDL.a(SDL_surface.o)
                0x000000000010523c                SDL_UpperBlit
 .text.SDL_FillRect
                0x0000000000105404      0x554 /Users/andreuschmann/devkitPro/portlibs/3ds/lib/libSDL.a(SDL_surface.o)
                0x0000000000105404                SDL_FillRect
 .text.SDL_LockSurface
                0x0000000000105958       0x9c /Users/andreuschmann/devkitPro/portlibs/3ds/lib/libSDL.a(SDL_surface.o)
                0x0000000000105958                SDL_LockSurface
 .text.SDL_UnlockSurface
                0x00000000001059f4       0x64 /Users/andreuschmann/devkitPro/portlibs/3ds/lib/libSDL.a(SDL_surface.o)
                0x00000000001059f4                SDL_UnlockSurface
 .text.SDL_FreeSurface
                0x0000000000105a58      0x14c /Users/andreuschmann/devkitPro/portlibs/3ds/lib/libSDL.a(SDL_surface.o)
                0x0000000000105a58                SDL_FreeSurface
 .text.SDL_CreateRGBSurface
                0x0000000000105ba4      0x24c /Users/andreuschmann/devkitPro/portlibs/3ds/lib/libSDL.a(SDL_surface.o)
                0x0000000000105ba4                SDL_CreateRGBSurface
 .text.SDL_ConvertSurface
                0x0000000000105df0      0x378 /Users/andreuschmann/devkitPro/portlibs/3ds/lib/libSDL.a(SDL_surface.o)
                0x0000000000105df0                SDL_ConvertSurface
 .text.SDL_GetVideoInfo
                0x0000000000106168       0x18 /Users/andreuschmann/devkitPro/portlibs/3ds/lib/libSDL.a(SDL_video.o)
                0x0000000000106168                SDL_GetVideoInfo
 .text.SDL_VideoModeOK
                0x0000000000106180      0x164 /Users/andreuschmann/devkitPro/portlibs/3ds/lib/libSDL.a(SDL_video.o)
                0x0000000000106180                SDL_VideoModeOK
 .text.SDL_DisplayFormat
                0x00000000001062e4       0x5c /Users/andreuschmann/devkitPro/portlibs/3ds/lib/libSDL.a(SDL_video.o)
                0x00000000001062e4                SDL_DisplayFormat
 .text.SDL_Flip
                0x0000000000106340      0x2e0 /Users/andreuschmann/devkitPro/portlibs/3ds/lib/libSDL.a(SDL_video.o)
                0x0000000000106340                SDL_Flip
 .text.SDL_VideoQuit
                0x0000000000106620      0x160 /Users/andreuschmann/devkitPro/portlibs/3ds/lib/libSDL.a(SDL_video.o)
                0x0000000000106620                SDL_VideoQuit
 .text.SDL_VideoInit
                0x0000000000106780      0x20c /Users/andreuschmann/devkitPro/portlibs/3ds/lib/libSDL.a(SDL_video.o)
                0x0000000000106780                SDL_VideoInit
 .text.SDL_WM_GrabInput
                0x000000000010698c       0xf0 /Users/andreuschmann/devkitPro/portlibs/3ds/lib/libSDL.a(SDL_video.o)
                0x000000000010698c                SDL_WM_GrabInput
 .text.SDL_SetVideoMode
                0x0000000000106a7c      0x840 /Users/andreuschmann/devkitPro/portlibs/3ds/lib/libSDL.a(SDL_video.o)
                0x0000000000106a7c                SDL_SetVideoMode
 .text.SDL_JoystickClose.part.1
                0x00000000001072bc       0xe8 /Users/andreuschmann/devkitPro/portlibs/3ds/lib/libSDL.a(SDL_joystick.o)
 .text.SDL_JoystickInit
                0x00000000001073a4       0x68 /Users/andreuschmann/devkitPro/portlibs/3ds/lib/libSDL.a(SDL_joystick.o)
                0x00000000001073a4                SDL_JoystickInit
 .text.SDL_JoystickQuit
                0x000000000010740c       0xa4 /Users/andreuschmann/devkitPro/portlibs/3ds/lib/libSDL.a(SDL_joystick.o)
                0x000000000010740c                SDL_JoystickQuit
 .text.SDL_PrivateJoystickAxis
                0x00000000001074b0       0x9c /Users/andreuschmann/devkitPro/portlibs/3ds/lib/libSDL.a(SDL_joystick.o)
                0x00000000001074b0                SDL_PrivateJoystickAxis
 .text.SDL_PrivateJoystickButton
                0x000000000010754c       0xac /Users/andreuschmann/devkitPro/portlibs/3ds/lib/libSDL.a(SDL_joystick.o)
                0x000000000010754c                SDL_PrivateJoystickButton
 .text.SDL_JoystickUpdate
                0x00000000001075f8       0x3c /Users/andreuschmann/devkitPro/portlibs/3ds/lib/libSDL.a(SDL_joystick.o)
                0x00000000001075f8                SDL_JoystickUpdate
 .text.SDL_StartTicks
                0x0000000000107634       0x10 /Users/andreuschmann/devkitPro/portlibs/3ds/lib/libSDL.a(SDL_systimer.o)
                0x0000000000107634                SDL_StartTicks
 .text.SDL_GetTicks
                0x0000000000107644       0x58 /Users/andreuschmann/devkitPro/portlibs/3ds/lib/libSDL.a(SDL_systimer.o)
                0x0000000000107644                SDL_GetTicks
 .text.SDL_Delay
                0x000000000010769c       0x10 /Users/andreuschmann/devkitPro/portlibs/3ds/lib/libSDL.a(SDL_systimer.o)
                0x000000000010769c                SDL_Delay
 .text.SDL_SYS_TimerInit
                0x00000000001076ac        0x8 /Users/andreuschmann/devkitPro/portlibs/3ds/lib/libSDL.a(SDL_systimer.o)
                0x00000000001076ac                SDL_SYS_TimerInit
 .text.SDL_SYS_TimerQuit
                0x00000000001076b4        0x4 /Users/andreuschmann/devkitPro/portlibs/3ds/lib/libSDL.a(SDL_systimer.o)
                0x00000000001076b4                SDL_SYS_TimerQuit
 .text.SDL_SYS_StopTimer
                0x00000000001076b8        0x4 /Users/andreuschmann/devkitPro/portlibs/3ds/lib/libSDL.a(SDL_systimer.o)
                0x00000000001076b8                SDL_SYS_StopTimer
 .text.N3DSAUD_Available
                0x00000000001076bc        0x8 /Users/andreuschmann/devkitPro/portlibs/3ds/lib/libSDL.a(SDL_n3dsaudio.o)
 .text.N3DSAUD_GetAudioBuf
                0x00000000001076c4        0xc /Users/andreuschmann/devkitPro/portlibs/3ds/lib/libSDL.a(SDL_n3dsaudio.o)
 .text.N3DSAUD_CreateDevice
                0x00000000001076d0       0xa8 /Users/andreuschmann/devkitPro/portlibs/3ds/lib/libSDL.a(SDL_n3dsaudio.o)
 .text.N3DSAUD_CloseAudio
                0x0000000000107778       0x40 /Users/andreuschmann/devkitPro/portlibs/3ds/lib/libSDL.a(SDL_n3dsaudio.o)
 .text.N3DSAUD_DeleteDevice
                0x00000000001077b8       0x48 /Users/andreuschmann/devkitPro/portlibs/3ds/lib/libSDL.a(SDL_n3dsaudio.o)
 .text.N3DSAUD_OpenAudio
                0x0000000000107800      0x258 /Users/andreuschmann/devkitPro/portlibs/3ds/lib/libSDL.a(SDL_n3dsaudio.o)
 .text.N3DSAUD_PlayAudio
                0x0000000000107a58       0xa4 /Users/andreuschmann/devkitPro/portlibs/3ds/lib/libSDL.a(SDL_n3dsaudio.o)
 .text.N3DSAUD_WaitAudio
                0x0000000000107afc       0x88 /Users/andreuschmann/devkitPro/portlibs/3ds/lib/libSDL.a(SDL_n3dsaudio.o)
 .text.SDL_SYS_JoystickInit
                0x0000000000107b84       0x18 /Users/andreuschmann/devkitPro/portlibs/3ds/lib/libSDL.a(SDL_sysjoystick.o)
                0x0000000000107b84                SDL_SYS_JoystickInit
 .text.SDL_SYS_JoystickUpdate
                0x0000000000107b9c      0x2cc /Users/andreuschmann/devkitPro/portlibs/3ds/lib/libSDL.a(SDL_sysjoystick.o)
                0x0000000000107b9c                SDL_SYS_JoystickUpdate
 .text.SDL_SYS_JoystickClose
                0x0000000000107e68        0x4 /Users/andreuschmann/devkitPro/portlibs/3ds/lib/libSDL.a(SDL_sysjoystick.o)
                0x0000000000107e68                SDL_SYS_JoystickClose
 .text.SDL_SYS_JoystickQuit
                0x0000000000107e6c        0x4 /Users/andreuschmann/devkitPro/portlibs/3ds/lib/libSDL.a(SDL_sysjoystick.o)
                0x0000000000107e6c                SDL_SYS_JoystickQuit
 .text.SDL_CreateMutex
                0x0000000000107e70       0x5c /Users/andreuschmann/devkitPro/portlibs/3ds/lib/libSDL.a(SDL_sysmutex.o)
                0x0000000000107e70                SDL_CreateMutex
 .text.SDL_DestroyMutex
                0x0000000000107ecc       0x28 /Users/andreuschmann/devkitPro/portlibs/3ds/lib/libSDL.a(SDL_sysmutex.o)
                0x0000000000107ecc                SDL_DestroyMutex
 .text.SDL_mutexP
                0x0000000000107ef4       0x60 /Users/andreuschmann/devkitPro/portlibs/3ds/lib/libSDL.a(SDL_sysmutex.o)
                0x0000000000107ef4                SDL_mutexP
 .text.SDL_mutexV
                0x0000000000107f54       0x78 /Users/andreuschmann/devkitPro/portlibs/3ds/lib/libSDL.a(SDL_sysmutex.o)
                0x0000000000107f54                SDL_mutexV
 .text.SDL_CreateSemaphore
                0x0000000000107fcc       0x38 /Users/andreuschmann/devkitPro/portlibs/3ds/lib/libSDL.a(SDL_syssem.o)
                0x0000000000107fcc                SDL_CreateSemaphore
 .text.SDL_DestroySemaphore
                0x0000000000108004       0x34 /Users/andreuschmann/devkitPro/portlibs/3ds/lib/libSDL.a(SDL_syssem.o)
                0x0000000000108004                SDL_DestroySemaphore
 .text.SDL_SemWait
                0x0000000000108038       0x3c /Users/andreuschmann/devkitPro/portlibs/3ds/lib/libSDL.a(SDL_syssem.o)
                0x0000000000108038                SDL_SemWait
 .text.SDL_SemPost
                0x0000000000108074       0x5c /Users/andreuschmann/devkitPro/portlibs/3ds/lib/libSDL.a(SDL_syssem.o)
                0x0000000000108074                SDL_SemPost
 .text.ThreadEntry
                0x00000000001080d0        0x4 /Users/andreuschmann/devkitPro/portlibs/3ds/lib/libSDL.a(SDL_systhread.o)
                0x00000000001080d0                ThreadEntry
 .text.SDL_SYS_CreateThread
                0x00000000001080d4       0xac /Users/andreuschmann/devkitPro/portlibs/3ds/lib/libSDL.a(SDL_systhread.o)
                0x00000000001080d4                SDL_SYS_CreateThread
 .text.SDL_SYS_SetupThread
                0x0000000000108180        0x4 /Users/andreuschmann/devkitPro/portlibs/3ds/lib/libSDL.a(SDL_systhread.o)
                0x0000000000108180                SDL_SYS_SetupThread
 .text.SDL_ThreadID
                0x0000000000108184       0x28 /Users/andreuschmann/devkitPro/portlibs/3ds/lib/libSDL.a(SDL_systhread.o)
                0x0000000000108184                SDL_ThreadID
 .text.SDL_SYS_WaitThread
                0x00000000001081ac       0x10 /Users/andreuschmann/devkitPro/portlibs/3ds/lib/libSDL.a(SDL_systhread.o)
                0x00000000001081ac                SDL_SYS_WaitThread
 .text.task_apt_hook
                0x00000000001081bc       0x58 /Users/andreuschmann/devkitPro/portlibs/3ds/lib/libSDL.a(SDL_n3dsevents.o)
 .text.task_init
                0x0000000000108214       0x3c /Users/andreuschmann/devkitPro/portlibs/3ds/lib/libSDL.a(SDL_n3dsevents.o)
                0x0000000000108214                task_init
 .text.task_exit
                0x0000000000108250        0xc /Users/andreuschmann/devkitPro/portlibs/3ds/lib/libSDL.a(SDL_n3dsevents.o)
                0x0000000000108250                task_exit
 .text.N3DS_PumpEvents
                0x000000000010825c      0x230 /Users/andreuschmann/devkitPro/portlibs/3ds/lib/libSDL.a(SDL_n3dsevents.o)
                0x000000000010825c                N3DS_PumpEvents
 .text.N3DS_InitOSKeymap
                0x000000000010848c       0xcc /Users/andreuschmann/devkitPro/portlibs/3ds/lib/libSDL.a(SDL_n3dsevents.o)
                0x000000000010848c                N3DS_InitOSKeymap
 .text.N3DS_Available
                0x0000000000108558        0x8 /Users/andreuschmann/devkitPro/portlibs/3ds/lib/libSDL.a(SDL_n3dsvideo.o)
 .text.N3DS_ListModes
                0x0000000000108560        0x8 /Users/andreuschmann/devkitPro/portlibs/3ds/lib/libSDL.a(SDL_n3dsvideo.o)
 .text.N3DS_AllocHWSurface
                0x0000000000108568        0x8 /Users/andreuschmann/devkitPro/portlibs/3ds/lib/libSDL.a(SDL_n3dsvideo.o)
 .text.N3DS_LockHWSurface
                0x0000000000108570        0x8 /Users/andreuschmann/devkitPro/portlibs/3ds/lib/libSDL.a(SDL_n3dsvideo.o)
 .text.N3DS_UnlockHWSurface
                0x0000000000108578        0x4 /Users/andreuschmann/devkitPro/portlibs/3ds/lib/libSDL.a(SDL_n3dsvideo.o)
 .text.N3DS_SetColors
                0x000000000010857c       0x58 /Users/andreuschmann/devkitPro/portlibs/3ds/lib/libSDL.a(SDL_n3dsvideo.o)
 .text.N3DS_DeleteDevice
                0x00000000001085d4       0x24 /Users/andreuschmann/devkitPro/portlibs/3ds/lib/libSDL.a(SDL_n3dsvideo.o)
 .text.N3DS_CreateDevice
                0x00000000001085f8      0x150 /Users/andreuschmann/devkitPro/portlibs/3ds/lib/libSDL.a(SDL_n3dsvideo.o)
 .text.N3DS_VideoInit
                0x0000000000108748       0x54 /Users/andreuschmann/devkitPro/portlibs/3ds/lib/libSDL.a(SDL_n3dsvideo.o)
 .text.N3DS_UpdateRects.part.6
                0x000000000010879c      0x194 /Users/andreuschmann/devkitPro/portlibs/3ds/lib/libSDL.a(SDL_n3dsvideo.o)
 .text.N3DS_FlipHWSurface
                0x0000000000108930       0x40 /Users/andreuschmann/devkitPro/portlibs/3ds/lib/libSDL.a(SDL_n3dsvideo.o)
 .text.N3DS_UpdateRects
                0x0000000000108970       0x2c /Users/andreuschmann/devkitPro/portlibs/3ds/lib/libSDL.a(SDL_n3dsvideo.o)
 .text.N3DS_FreeHWSurface
                0x000000000010899c        0x4 /Users/andreuschmann/devkitPro/portlibs/3ds/lib/libSDL.a(SDL_n3dsvideo.o)
 .text.N3DS_VideoQuit
                0x00000000001089a0       0xf4 /Users/andreuschmann/devkitPro/portlibs/3ds/lib/libSDL.a(SDL_n3dsvideo.o)
 .text.N3DS_ToggleFullScreen
                0x0000000000108a94       0xe8 /Users/andreuschmann/devkitPro/portlibs/3ds/lib/libSDL.a(SDL_n3dsvideo.o)
                0x0000000000108a94                N3DS_ToggleFullScreen
 .text.N3DS_SetVideoMode
                0x0000000000108b7c      0x968 /Users/andreuschmann/devkitPro/portlibs/3ds/lib/libSDL.a(SDL_n3dsvideo.o)
 .text.drawTexture
                0x00000000001094e4      0x120 /Users/andreuschmann/devkitPro/portlibs/3ds/lib/libSDL.a(SDL_n3dsvideo.o)
                0x00000000001094e4                drawTexture
 *fill*         0x0000000000109604        0x4 
 .text.videoThread
                0x0000000000109608      0x328 /Users/andreuschmann/devkitPro/portlibs/3ds/lib/libSDL.a(SDL_n3dsvideo.o)
 .text.SDL_GobbleEvents
                0x0000000000109930       0xec /Users/andreuschmann/devkitPro/portlibs/3ds/lib/libSDL.a(SDL_events.o)
 .text.SDL_Lock_EventThread
                0x0000000000109a1c       0x68 /Users/andreuschmann/devkitPro/portlibs/3ds/lib/libSDL.a(SDL_events.o)
                0x0000000000109a1c                SDL_Lock_EventThread
 .text.SDL_Unlock_EventThread
                0x0000000000109a84       0x44 /Users/andreuschmann/devkitPro/portlibs/3ds/lib/libSDL.a(SDL_events.o)
                0x0000000000109a84                SDL_Unlock_EventThread
 .text.SDL_StopEventLoop
                0x0000000000109ac8       0x78 /Users/andreuschmann/devkitPro/portlibs/3ds/lib/libSDL.a(SDL_events.o)
                0x0000000000109ac8                SDL_StopEventLoop
 .text.SDL_StartEventLoop
                0x0000000000109b40      0x1a4 /Users/andreuschmann/devkitPro/portlibs/3ds/lib/libSDL.a(SDL_events.o)
                0x0000000000109b40                SDL_StartEventLoop
 .text.SDL_PeepEvents
                0x0000000000109ce4      0x2a4 /Users/andreuschmann/devkitPro/portlibs/3ds/lib/libSDL.a(SDL_events.o)
                0x0000000000109ce4                SDL_PeepEvents
 .text.SDL_PushEvent
                0x0000000000109f88       0xe8 /Users/andreuschmann/devkitPro/portlibs/3ds/lib/libSDL.a(SDL_events.o)
                0x0000000000109f88                SDL_PushEvent
 .text.SDL_KeyboardInit
                0x000000000010a070      0xbb8 /Users/andreuschmann/devkitPro/portlibs/3ds/lib/libSDL.a(SDL_keyboard.o)
                0x000000000010a070                SDL_KeyboardInit
 .text.SDL_KeyboardQuit
                0x000000000010ac28        0x4 /Users/andreuschmann/devkitPro/portlibs/3ds/lib/libSDL.a(SDL_keyboard.o)
                0x000000000010ac28                SDL_KeyboardQuit
 .text.SDL_ResetKeyboard
                0x000000000010ac2c      0x20c /Users/andreuschmann/devkitPro/portlibs/3ds/lib/libSDL.a(SDL_keyboard.o)
                0x000000000010ac2c                SDL_ResetKeyboard
 .text.SDL_PrivateKeyboard
                0x000000000010ae38      0x37c /Users/andreuschmann/devkitPro/portlibs/3ds/lib/libSDL.a(SDL_keyboard.o)
                0x000000000010ae38                SDL_PrivateKeyboard
 .text.SDL_CheckKeyRepeat
                0x000000000010b1b4       0x90 /Users/andreuschmann/devkitPro/portlibs/3ds/lib/libSDL.a(SDL_keyboard.o)
                0x000000000010b1b4                SDL_CheckKeyRepeat
 .text.SDL_MouseInit
                0x000000000010b244       0x60 /Users/andreuschmann/devkitPro/portlibs/3ds/lib/libSDL.a(SDL_mouse.o)
                0x000000000010b244                SDL_MouseInit
 .text.SDL_MouseQuit
                0x000000000010b2a4        0x4 /Users/andreuschmann/devkitPro/portlibs/3ds/lib/libSDL.a(SDL_mouse.o)
                0x000000000010b2a4                SDL_MouseQuit
 .text.SDL_ResetMouse
                0x000000000010b2a8      0x3f4 /Users/andreuschmann/devkitPro/portlibs/3ds/lib/libSDL.a(SDL_mouse.o)
                0x000000000010b2a8                SDL_ResetMouse
 .text.SDL_GetMouseState
                0x000000000010b69c       0x38 /Users/andreuschmann/devkitPro/portlibs/3ds/lib/libSDL.a(SDL_mouse.o)
                0x000000000010b69c                SDL_GetMouseState
 .text.SDL_GetRelativeMouseState
                0x000000000010b6d4       0x44 /Users/andreuschmann/devkitPro/portlibs/3ds/lib/libSDL.a(SDL_mouse.o)
                0x000000000010b6d4                SDL_GetRelativeMouseState
 .text.SDL_SetMouseRange
                0x000000000010b718       0x1c /Users/andreuschmann/devkitPro/portlibs/3ds/lib/libSDL.a(SDL_mouse.o)
                0x000000000010b718                SDL_SetMouseRange
 .text.SDL_PrivateMouseMotion
                0x000000000010b734      0x20c /Users/andreuschmann/devkitPro/portlibs/3ds/lib/libSDL.a(SDL_mouse.o)
                0x000000000010b734                SDL_PrivateMouseMotion
 .text.SDL_PrivateMouseButton
                0x000000000010b940      0x22c /Users/andreuschmann/devkitPro/portlibs/3ds/lib/libSDL.a(SDL_mouse.o)
                0x000000000010b940                SDL_PrivateMouseButton
 .text.SDL_HandleSIG
                0x000000000010bb6c       0x70 /Users/andreuschmann/devkitPro/portlibs/3ds/lib/libSDL.a(SDL_quit.o)
 .text.SDL_QuitInit
                0x000000000010bbdc       0x48 /Users/andreuschmann/devkitPro/portlibs/3ds/lib/libSDL.a(SDL_quit.o)
                0x000000000010bbdc                SDL_QuitInit
 .text.SDL_QuitQuit
                0x000000000010bc24       0x50 /Users/andreuschmann/devkitPro/portlibs/3ds/lib/libSDL.a(SDL_quit.o)
                0x000000000010bc24                SDL_QuitQuit
 .text.SDL_PrivateResize
                0x000000000010bc74       0xe0 /Users/andreuschmann/devkitPro/portlibs/3ds/lib/libSDL.a(SDL_resize.o)
                0x000000000010bc74                SDL_PrivateResize
 .text.SDL_revcpy
                0x000000000010bd54       0x2c /Users/andreuschmann/devkitPro/portlibs/3ds/lib/libSDL.a(SDL_string.o)
                0x000000000010bd54                SDL_revcpy
 .text.SDL_memcmp
                0x000000000010bd80       0x4c /Users/andreuschmann/devkitPro/portlibs/3ds/lib/libSDL.a(SDL_string.o)
                0x000000000010bd80                SDL_memcmp
 .text.copy_opaque_16
                0x000000000010bdcc      0x10c /Users/andreuschmann/devkitPro/portlibs/3ds/lib/libSDL.a(SDL_RLEaccel.o)
 .text.uncopy_opaque_16
                0x000000000010bed8       0xd0 /Users/andreuschmann/devkitPro/portlibs/3ds/lib/libSDL.a(SDL_RLEaccel.o)
 .text.copy_transl_565
                0x000000000010bfa8       0xc4 /Users/andreuschmann/devkitPro/portlibs/3ds/lib/libSDL.a(SDL_RLEaccel.o)
 .text.copy_transl_555
                0x000000000010c06c       0xc4 /Users/andreuschmann/devkitPro/portlibs/3ds/lib/libSDL.a(SDL_RLEaccel.o)
 .text.uncopy_transl_16
                0x000000000010c130       0xc8 /Users/andreuschmann/devkitPro/portlibs/3ds/lib/libSDL.a(SDL_RLEaccel.o)
 .text.copy_32  0x000000000010c1f8       0xa8 /Users/andreuschmann/devkitPro/portlibs/3ds/lib/libSDL.a(SDL_RLEaccel.o)
 .text.uncopy_32
                0x000000000010c2a0       0xbc /Users/andreuschmann/devkitPro/portlibs/3ds/lib/libSDL.a(SDL_RLEaccel.o)
 .text.getpix_8
                0x000000000010c35c        0x8 /Users/andreuschmann/devkitPro/portlibs/3ds/lib/libSDL.a(SDL_RLEaccel.o)
 .text.getpix_16
                0x000000000010c364        0x8 /Users/andreuschmann/devkitPro/portlibs/3ds/lib/libSDL.a(SDL_RLEaccel.o)
 .text.getpix_24
                0x000000000010c36c       0x18 /Users/andreuschmann/devkitPro/portlibs/3ds/lib/libSDL.a(SDL_RLEaccel.o)
 .text.getpix_32
                0x000000000010c384        0x8 /Users/andreuschmann/devkitPro/portlibs/3ds/lib/libSDL.a(SDL_RLEaccel.o)
 .text.SDL_RLEBlit
                0x000000000010c38c     0x253c /Users/andreuschmann/devkitPro/portlibs/3ds/lib/libSDL.a(SDL_RLEaccel.o)
                0x000000000010c38c                SDL_RLEBlit
 .text.SDL_RLEAlphaBlit
                0x000000000010e8c8      0x974 /Users/andreuschmann/devkitPro/portlibs/3ds/lib/libSDL.a(SDL_RLEaccel.o)
                0x000000000010e8c8                SDL_RLEAlphaBlit
 .text.SDL_UnRLESurface
                0x000000000010f23c      0x298 /Users/andreuschmann/devkitPro/portlibs/3ds/lib/libSDL.a(SDL_RLEaccel.o)
                0x000000000010f23c                SDL_UnRLESurface
 .text.SDL_RLESurface
                0x000000000010f4d4      0xd60 /Users/andreuschmann/devkitPro/portlibs/3ds/lib/libSDL.a(SDL_RLEaccel.o)
                0x000000000010f4d4                SDL_RLESurface
 .text.SDL_SoftBlit
                0x0000000000110234      0x1b4 /Users/andreuschmann/devkitPro/portlibs/3ds/lib/libSDL.a(SDL_blit.o)
 .text.SDL_BlitCopyOverlap
                0x00000000001103e8       0xa4 /Users/andreuschmann/devkitPro/portlibs/3ds/lib/libSDL.a(SDL_blit.o)
 .text.SDL_BlitCopy
                0x000000000011048c       0x5c /Users/andreuschmann/devkitPro/portlibs/3ds/lib/libSDL.a(SDL_blit.o)
 .text.SDL_CalculateBlit
                0x00000000001104e8      0x35c /Users/andreuschmann/devkitPro/portlibs/3ds/lib/libSDL.a(SDL_blit.o)
                0x00000000001104e8                SDL_CalculateBlit
 .text.BlitBto1
                0x0000000000110844      0x114 /Users/andreuschmann/devkitPro/portlibs/3ds/lib/libSDL.a(SDL_blit_0.o)
 .text.BlitBto2
                0x0000000000110958       0xac /Users/andreuschmann/devkitPro/portlibs/3ds/lib/libSDL.a(SDL_blit_0.o)
 .text.BlitBto3
                0x0000000000110a04       0xbc /Users/andreuschmann/devkitPro/portlibs/3ds/lib/libSDL.a(SDL_blit_0.o)
 .text.BlitBto4
                0x0000000000110ac0       0xb0 /Users/andreuschmann/devkitPro/portlibs/3ds/lib/libSDL.a(SDL_blit_0.o)
 .text.BlitBto1Key
                0x0000000000110b70      0x134 /Users/andreuschmann/devkitPro/portlibs/3ds/lib/libSDL.a(SDL_blit_0.o)
 .text.BlitBto2Key
                0x0000000000110ca4       0xc4 /Users/andreuschmann/devkitPro/portlibs/3ds/lib/libSDL.a(SDL_blit_0.o)
 .text.BlitBto4Key
                0x0000000000110d68       0xb8 /Users/andreuschmann/devkitPro/portlibs/3ds/lib/libSDL.a(SDL_blit_0.o)
 .text.BlitBtoNAlpha
                0x0000000000110e20      0x28c /Users/andreuschmann/devkitPro/portlibs/3ds/lib/libSDL.a(SDL_blit_0.o)
 .text.BlitBtoNAlphaKey
                0x00000000001110ac      0x2a8 /Users/andreuschmann/devkitPro/portlibs/3ds/lib/libSDL.a(SDL_blit_0.o)
 .text.BlitBto3Key
                0x0000000000111354       0xb4 /Users/andreuschmann/devkitPro/portlibs/3ds/lib/libSDL.a(SDL_blit_0.o)
 .text.SDL_CalculateBlit0
                0x0000000000111408       0xb4 /Users/andreuschmann/devkitPro/portlibs/3ds/lib/libSDL.a(SDL_blit_0.o)
                0x0000000000111408                SDL_CalculateBlit0
 .text.Blit1to1
                0x00000000001114bc      0x100 /Users/andreuschmann/devkitPro/portlibs/3ds/lib/libSDL.a(SDL_blit_1.o)
 .text.Blit1to2
                0x00000000001115bc      0x134 /Users/andreuschmann/devkitPro/portlibs/3ds/lib/libSDL.a(SDL_blit_1.o)
 .text.Blit1to3
                0x00000000001116f0      0x1b4 /Users/andreuschmann/devkitPro/portlibs/3ds/lib/libSDL.a(SDL_blit_1.o)
 .text.Blit1to4
                0x00000000001118a4      0x18c /Users/andreuschmann/devkitPro/portlibs/3ds/lib/libSDL.a(SDL_blit_1.o)
 .text.Blit1to1Key
                0x0000000000111a30      0x27c /Users/andreuschmann/devkitPro/portlibs/3ds/lib/libSDL.a(SDL_blit_1.o)
 .text.Blit1to2Key
                0x0000000000111cac      0x188 /Users/andreuschmann/devkitPro/portlibs/3ds/lib/libSDL.a(SDL_blit_1.o)
 .text.Blit1to3Key
                0x0000000000111e34      0x23c /Users/andreuschmann/devkitPro/portlibs/3ds/lib/libSDL.a(SDL_blit_1.o)
 .text.Blit1to4Key
                0x0000000000112070      0x170 /Users/andreuschmann/devkitPro/portlibs/3ds/lib/libSDL.a(SDL_blit_1.o)
 .text.Blit1toNAlpha
                0x00000000001121e0      0x840 /Users/andreuschmann/devkitPro/portlibs/3ds/lib/libSDL.a(SDL_blit_1.o)
 .text.Blit1toNAlphaKey
                0x0000000000112a20      0xd2c /Users/andreuschmann/devkitPro/portlibs/3ds/lib/libSDL.a(SDL_blit_1.o)
 .text.SDL_CalculateBlit1
                0x000000000011374c       0xa0 /Users/andreuschmann/devkitPro/portlibs/3ds/lib/libSDL.a(SDL_blit_1.o)
                0x000000000011374c                SDL_CalculateBlit1
 .text.Blit_RGB888_index8
                0x00000000001137ec      0x474 /Users/andreuschmann/devkitPro/portlibs/3ds/lib/libSDL.a(SDL_blit_N.o)
 .text.Blit_RGB888_RGB555
                0x0000000000113c60      0x1d0 /Users/andreuschmann/devkitPro/portlibs/3ds/lib/libSDL.a(SDL_blit_N.o)
 .text.Blit_RGB888_RGB565
                0x0000000000113e30      0x1b8 /Users/andreuschmann/devkitPro/portlibs/3ds/lib/libSDL.a(SDL_blit_N.o)
 .text.Blit_RGB565_RGBA8888
                0x0000000000113fe8      0x1d4 /Users/andreuschmann/devkitPro/portlibs/3ds/lib/libSDL.a(SDL_blit_N.o)
 .text.Blit_RGB888_index8_map
                0x00000000001141bc      0x26c /Users/andreuschmann/devkitPro/portlibs/3ds/lib/libSDL.a(SDL_blit_N.o)
 .text.BlitNto1
                0x0000000000114428      0xb18 /Users/andreuschmann/devkitPro/portlibs/3ds/lib/libSDL.a(SDL_blit_N.o)
 .text.Blit4to4MaskAlpha
                0x0000000000114f40      0x1fc /Users/andreuschmann/devkitPro/portlibs/3ds/lib/libSDL.a(SDL_blit_N.o)
 .text.BlitNtoN
                0x000000000011513c     0x100c /Users/andreuschmann/devkitPro/portlibs/3ds/lib/libSDL.a(SDL_blit_N.o)
 .text.BlitNtoNCopyAlpha
                0x0000000000116148      0x22c /Users/andreuschmann/devkitPro/portlibs/3ds/lib/libSDL.a(SDL_blit_N.o)
 .text.BlitNto1Key
                0x0000000000116374     0x13c8 /Users/andreuschmann/devkitPro/portlibs/3ds/lib/libSDL.a(SDL_blit_N.o)
 .text.Blit2to2Key
                0x000000000011773c      0x17c /Users/andreuschmann/devkitPro/portlibs/3ds/lib/libSDL.a(SDL_blit_N.o)
 .text.BlitNtoNKey
                0x00000000001178b8      0xcd8 /Users/andreuschmann/devkitPro/portlibs/3ds/lib/libSDL.a(SDL_blit_N.o)
 .text.BlitNtoNKeyCopyAlpha
                0x0000000000118590     0x1430 /Users/andreuschmann/devkitPro/portlibs/3ds/lib/libSDL.a(SDL_blit_N.o)
 .text.Blit_RGB565_BGRA8888
                0x00000000001199c0      0x1d4 /Users/andreuschmann/devkitPro/portlibs/3ds/lib/libSDL.a(SDL_blit_N.o)
 .text.Blit_RGB565_ARGB8888
                0x0000000000119b94      0x1d4 /Users/andreuschmann/devkitPro/portlibs/3ds/lib/libSDL.a(SDL_blit_N.o)
 .text.Blit_RGB565_ABGR8888
                0x0000000000119d68      0x1d4 /Users/andreuschmann/devkitPro/portlibs/3ds/lib/libSDL.a(SDL_blit_N.o)
 .text.SDL_CalculateBlitN
                0x0000000000119f3c      0x2ac /Users/andreuschmann/devkitPro/portlibs/3ds/lib/libSDL.a(SDL_blit_N.o)
                0x0000000000119f3c                SDL_CalculateBlitN
 .text.SDL_HasMMX
                0x000000000011a1e8       0x4c /Users/andreuschmann/devkitPro/portlibs/3ds/lib/libSDL.a(SDL_cpuinfo.o)
                0x000000000011a1e8                SDL_HasMMX
 .text.SDL_AppActiveInit
                0x000000000011a234       0x18 /Users/andreuschmann/devkitPro/portlibs/3ds/lib/libSDL.a(SDL_active.o)
                0x000000000011a234                SDL_AppActiveInit
 .text.SDL_AppActiveQuit
                0x000000000011a24c        0x4 /Users/andreuschmann/devkitPro/portlibs/3ds/lib/libSDL.a(SDL_active.o)
                0x000000000011a24c                SDL_AppActiveQuit
 .text.BlitNto1SurfaceAlpha
                0x000000000011a250      0x534 /Users/andreuschmann/devkitPro/portlibs/3ds/lib/libSDL.a(SDL_blit_A.o)
 .text.BlitNto1PixelAlpha
                0x000000000011a784      0x590 /Users/andreuschmann/devkitPro/portlibs/3ds/lib/libSDL.a(SDL_blit_A.o)
 .text.BlitNto1SurfaceAlphaKey
                0x000000000011ad14      0xdf4 /Users/andreuschmann/devkitPro/portlibs/3ds/lib/libSDL.a(SDL_blit_A.o)
 .text.BlitRGBtoRGBSurfaceAlpha
                0x000000000011bb08      0x3d8 /Users/andreuschmann/devkitPro/portlibs/3ds/lib/libSDL.a(SDL_blit_A.o)
 .text.BlitRGBtoRGBPixelAlpha
                0x000000000011bee0      0x294 /Users/andreuschmann/devkitPro/portlibs/3ds/lib/libSDL.a(SDL_blit_A.o)
 .text.Blit555to555SurfaceAlpha
                0x000000000011c174      0x438 /Users/andreuschmann/devkitPro/portlibs/3ds/lib/libSDL.a(SDL_blit_A.o)
 .text.BlitARGBto565PixelAlpha
                0x000000000011c5ac      0x2a8 /Users/andreuschmann/devkitPro/portlibs/3ds/lib/libSDL.a(SDL_blit_A.o)
 .text.BlitARGBto555PixelAlpha
                0x000000000011c854      0x2a4 /Users/andreuschmann/devkitPro/portlibs/3ds/lib/libSDL.a(SDL_blit_A.o)
 .text.BlitNtoNSurfaceAlpha
                0x000000000011caf8      0xd60 /Users/andreuschmann/devkitPro/portlibs/3ds/lib/libSDL.a(SDL_blit_A.o)
 .text.BlitNtoNSurfaceAlphaKey
                0x000000000011d858      0xa74 /Users/andreuschmann/devkitPro/portlibs/3ds/lib/libSDL.a(SDL_blit_A.o)
 .text.BlitNtoNPixelAlpha
                0x000000000011e2cc      0xdbc /Users/andreuschmann/devkitPro/portlibs/3ds/lib/libSDL.a(SDL_blit_A.o)
 .text.Blit565to565SurfaceAlpha
                0x000000000011f088      0x438 /Users/andreuschmann/devkitPro/portlibs/3ds/lib/libSDL.a(SDL_blit_A.o)
 .text.SDL_CalculateAlphaBlit
                0x000000000011f4c0      0x224 /Users/andreuschmann/devkitPro/portlibs/3ds/lib/libSDL.a(SDL_blit_A.o)
                0x000000000011f4c0                SDL_CalculateAlphaBlit
 .text.C3Di_SplitFrame.part.1
                0x000000000011f6e4       0xc4 /Users/andreuschmann/devkitPro/libctru/lib/libcitro3d.a(base.o)
 .text.C3Di_LightEnvUpdate
                0x000000000011f7a8        0x4 /Users/andreuschmann/devkitPro/libctru/lib/libcitro3d.a(base.o)
                0x000000000011f7a8                C3Di_LightEnvUpdate
 .text.C3Di_LightEnvDirty
                0x000000000011f7ac        0x4 /Users/andreuschmann/devkitPro/libctru/lib/libcitro3d.a(base.o)
                0x000000000011f7ac                C3Di_LightEnvDirty
 .text.C3Di_ProcTexUpdate
                0x000000000011f7b0        0x4 /Users/andreuschmann/devkitPro/libctru/lib/libcitro3d.a(base.o)
                0x000000000011f7b0                C3Di_ProcTexUpdate
 .text.C3Di_ProcTexDirty
                0x000000000011f7b4        0x4 /Users/andreuschmann/devkitPro/libctru/lib/libcitro3d.a(base.o)
                0x000000000011f7b4                C3Di_ProcTexDirty
 .text.C3Di_AptEventHook
                0x000000000011f7b8       0x8c /Users/andreuschmann/devkitPro/libctru/lib/libcitro3d.a(base.o)
 .text.C3D_Init
                0x000000000011f844      0x20c /Users/andreuschmann/devkitPro/libctru/lib/libcitro3d.a(base.o)
                0x000000000011f844                C3D_Init
 .text.C3D_SetViewport
                0x000000000011fa50       0x98 /Users/andreuschmann/devkitPro/libctru/lib/libcitro3d.a(base.o)
                0x000000000011fa50                C3D_SetViewport
 .text.C3Di_UpdateContext
                0x000000000011fae8      0x490 /Users/andreuschmann/devkitPro/libctru/lib/libcitro3d.a(base.o)
                0x000000000011fae8                C3Di_UpdateContext
 .text.C3Di_SplitFrame
                0x000000000011ff78       0x20 /Users/andreuschmann/devkitPro/libctru/lib/libcitro3d.a(base.o)
                0x000000000011ff78                C3Di_SplitFrame
 .text.C3D_Fini
                0x000000000011ff98       0x64 /Users/andreuschmann/devkitPro/libctru/lib/libcitro3d.a(base.o)
                0x000000000011ff98                C3D_Fini
 .text.C3D_BindProgram
                0x000000000011fffc      0x110 /Users/andreuschmann/devkitPro/libctru/lib/libcitro3d.a(base.o)
                0x000000000011fffc                C3D_BindProgram
 .text.C3Di_RenderQueueInit
                0x000000000012010c       0x54 /Users/andreuschmann/devkitPro/libctru/lib/libcitro3d.a(renderqueue.o)
 .text.C3Di_RenderTargetDestroy
                0x0000000000120160       0x80 /Users/andreuschmann/devkitPro/libctru/lib/libcitro3d.a(renderqueue.o)
 .text.onVBlank1
                0x00000000001201e0       0xcc /Users/andreuschmann/devkitPro/libctru/lib/libcitro3d.a(renderqueue.o)
 .text.onVBlank0
                0x00000000001202ac      0x1b4 /Users/andreuschmann/devkitPro/libctru/lib/libcitro3d.a(renderqueue.o)
 .text.C3Di_RenderTargetNew
                0x0000000000120460        0xc /Users/andreuschmann/devkitPro/libctru/lib/libcitro3d.a(renderqueue.o)
 .text.C3Di_WaitAndClearQueue
                0x000000000012046c       0x8c /Users/andreuschmann/devkitPro/libctru/lib/libcitro3d.a(renderqueue.o)
 .text.onQueueFinish
                0x00000000001204f8       0xbc /Users/andreuschmann/devkitPro/libctru/lib/libcitro3d.a(renderqueue.o)
 .text.C3D_FrameSplit.part.5
                0x00000000001205b4       0x3c /Users/andreuschmann/devkitPro/libctru/lib/libcitro3d.a(renderqueue.o)
 .text.C3D_FrameSync
                0x00000000001205f0       0x30 /Users/andreuschmann/devkitPro/libctru/lib/libcitro3d.a(renderqueue.o)
                0x00000000001205f0                C3D_FrameSync
 .text.C3Di_RenderQueueExit
                0x0000000000120620       0xa0 /Users/andreuschmann/devkitPro/libctru/lib/libcitro3d.a(renderqueue.o)
                0x0000000000120620                C3Di_RenderQueueExit
 .text.C3Di_RenderQueueWaitDone
                0x00000000001206c0       0x20 /Users/andreuschmann/devkitPro/libctru/lib/libcitro3d.a(renderqueue.o)
                0x00000000001206c0                C3Di_RenderQueueWaitDone
 .text.C3D_FrameBegin
                0x00000000001206e0       0x7c /Users/andreuschmann/devkitPro/libctru/lib/libcitro3d.a(renderqueue.o)
                0x00000000001206e0                C3D_FrameBegin
 .text.C3D_FrameDrawOn
                0x000000000012075c       0x48 /Users/andreuschmann/devkitPro/libctru/lib/libcitro3d.a(renderqueue.o)
                0x000000000012075c                C3D_FrameDrawOn
 .text.C3D_FrameEnd
                0x00000000001207a4      0x180 /Users/andreuschmann/devkitPro/libctru/lib/libcitro3d.a(renderqueue.o)
                0x00000000001207a4                C3D_FrameEnd
 .text.C3D_RenderTargetCreate
                0x0000000000120924      0x16c /Users/andreuschmann/devkitPro/libctru/lib/libcitro3d.a(renderqueue.o)
                0x0000000000120924                C3D_RenderTargetCreate
 .text.C3D_RenderTargetDelete
                0x0000000000120a90       0x3c /Users/andreuschmann/devkitPro/libctru/lib/libcitro3d.a(renderqueue.o)
                0x0000000000120a90                C3D_RenderTargetDelete
 .text.C3D_RenderTargetSetClear
                0x0000000000120acc       0x38 /Users/andreuschmann/devkitPro/libctru/lib/libcitro3d.a(renderqueue.o)
                0x0000000000120acc                C3D_RenderTargetSetClear
 .text.C3D_RenderTargetSetOutput
                0x0000000000120b04       0x4c /Users/andreuschmann/devkitPro/libctru/lib/libcitro3d.a(renderqueue.o)
                0x0000000000120b04                C3D_RenderTargetSetOutput
 .text.C3D_SafeDisplayTransfer
                0x0000000000120b50       0x64 /Users/andreuschmann/devkitPro/libctru/lib/libcitro3d.a(renderqueue.o)
                0x0000000000120b50                C3D_SafeDisplayTransfer
 .text.C3D_TexInitWithParams
                0x0000000000120bb4      0x26c /Users/andreuschmann/devkitPro/libctru/lib/libcitro3d.a(texture.o)
                0x0000000000120bb4                C3D_TexInitWithParams
 .text.C3D_TexBind
                0x0000000000120e20       0x48 /Users/andreuschmann/devkitPro/libctru/lib/libcitro3d.a(texture.o)
                0x0000000000120e20                C3D_TexBind
 .text.C3Di_SetTex
                0x0000000000120e68      0x174 /Users/andreuschmann/devkitPro/libctru/lib/libcitro3d.a(texture.o)
                0x0000000000120e68                C3Di_SetTex
 .text.C3D_CalcColorBufSize
                0x0000000000120fdc       0x1c /Users/andreuschmann/devkitPro/libctru/lib/libcitro3d.a(framebuffer.o)
                0x0000000000120fdc                C3D_CalcColorBufSize
 .text.C3D_CalcDepthBufSize
                0x0000000000120ff8       0x1c /Users/andreuschmann/devkitPro/libctru/lib/libcitro3d.a(framebuffer.o)
                0x0000000000120ff8                C3D_CalcDepthBufSize
 .text.C3D_SetFrameBuf
                0x0000000000121014       0x44 /Users/andreuschmann/devkitPro/libctru/lib/libcitro3d.a(framebuffer.o)
                0x0000000000121014                C3D_SetFrameBuf
 .text.C3Di_FrameBufBind
                0x0000000000121058      0x168 /Users/andreuschmann/devkitPro/libctru/lib/libcitro3d.a(framebuffer.o)
                0x0000000000121058                C3Di_FrameBufBind
 .text.C3D_FrameBufClear
                0x00000000001211c0       0xc8 /Users/andreuschmann/devkitPro/libctru/lib/libcitro3d.a(framebuffer.o)
                0x00000000001211c0                C3D_FrameBufClear
 .text.C3D_FrameBufTransfer
                0x0000000000121288       0x4c /Users/andreuschmann/devkitPro/libctru/lib/libcitro3d.a(framebuffer.o)
                0x0000000000121288                C3D_FrameBufTransfer
 .text.TexEnv_Init
                0x00000000001212d4       0x24 /Users/andreuschmann/devkitPro/libctru/lib/libcitro3d.a(texenv.o)
                0x00000000001212d4                TexEnv_Init
 .text.C3D_GetTexEnv
                0x00000000001212f8       0x34 /Users/andreuschmann/devkitPro/libctru/lib/libcitro3d.a(texenv.o)
                0x00000000001212f8                C3D_GetTexEnv
 .text.C3Di_TexEnvBind
                0x000000000012132c       0x24 /Users/andreuschmann/devkitPro/libctru/lib/libcitro3d.a(texenv.o)
                0x000000000012132c                C3Di_TexEnvBind
 .text.BufInfo_Init
                0x0000000000121350       0x24 /Users/andreuschmann/devkitPro/libctru/lib/libcitro3d.a(buffers.o)
                0x0000000000121350                BufInfo_Init
 .text.C3D_GetBufInfo
                0x0000000000121374       0x24 /Users/andreuschmann/devkitPro/libctru/lib/libcitro3d.a(buffers.o)
                0x0000000000121374                C3D_GetBufInfo
 .text.C3Di_BufInfoBind
                0x0000000000121398       0x48 /Users/andreuschmann/devkitPro/libctru/lib/libcitro3d.a(buffers.o)
                0x0000000000121398                C3Di_BufInfoBind
 .text.C3D_DepthMap
                0x00000000001213e0       0x40 /Users/andreuschmann/devkitPro/libctru/lib/libcitro3d.a(effect.o)
                0x00000000001213e0                C3D_DepthMap
 .text.C3D_CullFace
                0x0000000000121420       0x1c /Users/andreuschmann/devkitPro/libctru/lib/libcitro3d.a(effect.o)
                0x0000000000121420                C3D_CullFace
 .text.C3D_StencilTest
                0x000000000012143c       0x40 /Users/andreuschmann/devkitPro/libctru/lib/libcitro3d.a(effect.o)
                0x000000000012143c                C3D_StencilTest
 .text.C3D_StencilOp
                0x000000000012147c       0x24 /Users/andreuschmann/devkitPro/libctru/lib/libcitro3d.a(effect.o)
                0x000000000012147c                C3D_StencilOp
 .text.C3D_BlendingColor
                0x00000000001214a0       0x1c /Users/andreuschmann/devkitPro/libctru/lib/libcitro3d.a(effect.o)
                0x00000000001214a0                C3D_BlendingColor
 .text.C3D_EarlyDepthTest
                0x00000000001214bc       0x24 /Users/andreuschmann/devkitPro/libctru/lib/libcitro3d.a(effect.o)
                0x00000000001214bc                C3D_EarlyDepthTest
 .text.C3D_DepthTest
                0x00000000001214e0       0x2c /Users/andreuschmann/devkitPro/libctru/lib/libcitro3d.a(effect.o)
                0x00000000001214e0                C3D_DepthTest
 .text.C3D_AlphaTest
                0x000000000012150c       0x2c /Users/andreuschmann/devkitPro/libctru/lib/libcitro3d.a(effect.o)
                0x000000000012150c                C3D_AlphaTest
 .text.C3D_AlphaBlend
                0x0000000000121538       0x50 /Users/andreuschmann/devkitPro/libctru/lib/libcitro3d.a(effect.o)
                0x0000000000121538                C3D_AlphaBlend
 .text.C3D_FragOpMode
                0x0000000000121588       0x30 /Users/andreuschmann/devkitPro/libctru/lib/libcitro3d.a(effect.o)
                0x0000000000121588                C3D_FragOpMode
 .text.C3D_FragOpShadow
                0x00000000001215b8       0x44 /Users/andreuschmann/devkitPro/libctru/lib/libcitro3d.a(effect.o)
                0x00000000001215b8                C3D_FragOpShadow
 .text.C3Di_EffectBind
                0x00000000001215fc      0x174 /Users/andreuschmann/devkitPro/libctru/lib/libcitro3d.a(effect.o)
                0x00000000001215fc                C3Di_EffectBind
 .text.AttrInfo_Init
                0x0000000000121770       0x28 /Users/andreuschmann/devkitPro/libctru/lib/libcitro3d.a(attribs.o)
                0x0000000000121770                AttrInfo_Init
 .text.AttrInfo_AddLoader
                0x0000000000121798       0x8c /Users/andreuschmann/devkitPro/libctru/lib/libcitro3d.a(attribs.o)
                0x0000000000121798                AttrInfo_AddLoader
 .text.C3D_GetAttrInfo
                0x0000000000121824       0x24 /Users/andreuschmann/devkitPro/libctru/lib/libcitro3d.a(attribs.o)
                0x0000000000121824                C3D_GetAttrInfo
 .text.C3Di_AttrInfoBind
                0x0000000000121848       0x80 /Users/andreuschmann/devkitPro/libctru/lib/libcitro3d.a(attribs.o)
                0x0000000000121848                C3Di_AttrInfoBind
 .text.C3D_ImmDrawBegin
                0x00000000001218c8       0xb8 /Users/andreuschmann/devkitPro/libctru/lib/libcitro3d.a(immediate.o)
                0x00000000001218c8                C3D_ImmDrawBegin
 .text.C3D_ImmSendAttrib
                0x0000000000121980       0xb4 /Users/andreuschmann/devkitPro/libctru/lib/libcitro3d.a(immediate.o)
                0x0000000000121980                C3D_ImmSendAttrib
 .text.C3D_ImmDrawEnd
                0x0000000000121a34       0x74 /Users/andreuschmann/devkitPro/libctru/lib/libcitro3d.a(immediate.o)
                0x0000000000121a34                C3D_ImmDrawEnd
 .text.C3D_UpdateUniforms
                0x0000000000121aa8      0x288 /Users/andreuschmann/devkitPro/libctru/lib/libcitro3d.a(uniforms.o)
                0x0000000000121aa8                C3D_UpdateUniforms
 .text.C3Di_DirtyUniforms
                0x0000000000121d30       0xc0 /Users/andreuschmann/devkitPro/libctru/lib/libcitro3d.a(uniforms.o)
                0x0000000000121d30                C3Di_DirtyUniforms
 .text.C3Di_LoadShaderUniforms
                0x0000000000121df0       0xe4 /Users/andreuschmann/devkitPro/libctru/lib/libcitro3d.a(uniforms.o)
                0x0000000000121df0                C3Di_LoadShaderUniforms
 .text.C3Di_ClearShaderUniforms
                0x0000000000121ed4       0x28 /Users/andreuschmann/devkitPro/libctru/lib/libcitro3d.a(uniforms.o)
                0x0000000000121ed4                C3Di_ClearShaderUniforms
 .text.Mtx_OrthoTilt
                0x0000000000121efc       0xcc /Users/andreuschmann/devkitPro/libctru/lib/libcitro3d.a(mtx_orthotilt.o)
                0x0000000000121efc                Mtx_OrthoTilt
 .text._ZL21addrMapNodeComparatorPK11rbtree_nodeS1_
                0x0000000000121fc8       0x24 /Users/andreuschmann/devkitPro/libctru/lib/libctru.a(vram.o)
 .text._ZL21addrMapNodeDestructorP11rbtree_node
                0x0000000000121fec        0x4 /Users/andreuschmann/devkitPro/libctru/lib/libctru.a(vram.o)
 .text.vramMemAlign
                0x0000000000121ff0      0x110 /Users/andreuschmann/devkitPro/libctru/lib/libctru.a(vram.o)
                0x0000000000121ff0                vramMemAlign
 .text.vramAlloc
                0x0000000000122100        0x8 /Users/andreuschmann/devkitPro/libctru/lib/libctru.a(vram.o)
                0x0000000000122100                vramAlloc
 .text.vramFree
                0x0000000000122108       0x50 /Users/andreuschmann/devkitPro/libctru/lib/libctru.a(vram.o)
                0x0000000000122108                vramFree
 .text._ZL21addrMapNodeComparatorPK11rbtree_nodeS1_
                0x0000000000122158       0x24 /Users/andreuschmann/devkitPro/libctru/lib/libctru.a(linear.o)
 .text._ZL21addrMapNodeDestructorP11rbtree_node
                0x000000000012217c        0x4 /Users/andreuschmann/devkitPro/libctru/lib/libctru.a(linear.o)
 .text.linearMemAlign
                0x0000000000122180      0x11c /Users/andreuschmann/devkitPro/libctru/lib/libctru.a(linear.o)
                0x0000000000122180                linearMemAlign
 .text.linearAlloc
                0x000000000012229c        0x8 /Users/andreuschmann/devkitPro/libctru/lib/libctru.a(linear.o)
                0x000000000012229c                linearAlloc
 .text.linearFree
                0x00000000001222a4       0x50 /Users/andreuschmann/devkitPro/libctru/lib/libctru.a(linear.o)
                0x00000000001222a4                linearFree
 .text._ZN7MemPool13CoalesceRightEP8MemBlock
                0x00000000001222f4       0x98 /Users/andreuschmann/devkitPro/libctru/lib/libctru.a(mem_pool.o)
                0x00000000001222f4                MemPool::CoalesceRight(MemBlock*)
 .text._ZN7MemPool8AllocateER8MemChunkmi
                0x000000000012238c      0x16c /Users/andreuschmann/devkitPro/libctru/lib/libctru.a(mem_pool.o)
                0x000000000012238c                MemPool::Allocate(MemChunk&, unsigned long, int)
 .text._ZN7MemPool10DeallocateERK8MemChunk
                0x00000000001224f8       0xfc /Users/andreuschmann/devkitPro/libctru/lib/libctru.a(mem_pool.o)
                0x00000000001224f8                MemPool::Deallocate(MemChunk const&)
 .text.romfs_close
                0x00000000001225f4        0x8 /Users/andreuschmann/devkitPro/libctru/lib/libctru.a(romfs_dev.o)
 .text.romfs_seek
                0x00000000001225fc       0xcc /Users/andreuschmann/devkitPro/libctru/lib/libctru.a(romfs_dev.o)
 .text.romfs_dirreset
                0x00000000001226c8       0x28 /Users/andreuschmann/devkitPro/libctru/lib/libctru.a(romfs_dev.o)
 .text.romfs_fstat
                0x00000000001226f0       0x78 /Users/andreuschmann/devkitPro/libctru/lib/libctru.a(romfs_dev.o)
 .text._romfs_read_chk
                0x0000000000122768       0x5c /Users/andreuschmann/devkitPro/libctru/lib/libctru.a(romfs_dev.o)
 .text.romfs_read
                0x00000000001227c4       0xe8 /Users/andreuschmann/devkitPro/libctru/lib/libctru.a(romfs_dev.o)
 .text.romfs_free
                0x00000000001228ac       0x7c /Users/andreuschmann/devkitPro/libctru/lib/libctru.a(romfs_dev.o)
 .text.romfsMountCommon
                0x0000000000122928      0x16c /Users/andreuschmann/devkitPro/libctru/lib/libctru.a(romfs_dev.o)
 .text.romfs_dirnext
                0x0000000000122a94      0x254 /Users/andreuschmann/devkitPro/libctru/lib/libctru.a(romfs_dev.o)
 .text.romfsInitMtime.isra.4
                0x0000000000122ce8       0xd0 /Users/andreuschmann/devkitPro/libctru/lib/libctru.a(romfs_dev.o)
 .text.searchForFile.constprop.7
                0x0000000000122db8       0xb4 /Users/andreuschmann/devkitPro/libctru/lib/libctru.a(romfs_dev.o)
 .text.searchForDir.constprop.8
                0x0000000000122e6c       0xb8 /Users/andreuschmann/devkitPro/libctru/lib/libctru.a(romfs_dev.o)
 .text.navigateToDir.constprop.6
                0x0000000000122f24      0x1b8 /Users/andreuschmann/devkitPro/libctru/lib/libctru.a(romfs_dev.o)
 .text.romfs_open
                0x00000000001230dc      0x130 /Users/andreuschmann/devkitPro/libctru/lib/libctru.a(romfs_dev.o)
 .text.romfs_stat
                0x000000000012320c      0x210 /Users/andreuschmann/devkitPro/libctru/lib/libctru.a(romfs_dev.o)
 .text.romfs_chdir
                0x000000000012341c       0x54 /Users/andreuschmann/devkitPro/libctru/lib/libctru.a(romfs_dev.o)
 .text.romfs_diropen
                0x0000000000123470       0x78 /Users/andreuschmann/devkitPro/libctru/lib/libctru.a(romfs_dev.o)
 .text.romfs_dirclose
                0x00000000001234e8        0x8 /Users/andreuschmann/devkitPro/libctru/lib/libctru.a(romfs_dev.o)
 .text.romfsMount
                0x00000000001234f0      0x344 /Users/andreuschmann/devkitPro/libctru/lib/libctru.a(romfs_dev.o)
                0x00000000001234f0                romfsMount
 .text.getSysTime
                0x0000000000123834       0x58 /Users/andreuschmann/devkitPro/libctru/lib/libctru.a(os.o)
 .text.__ctru_speedup_config.part.0
                0x000000000012388c       0x28 /Users/andreuschmann/devkitPro/libctru/lib/libctru.a(os.o)
 .text.osConvertVirtToPhys
                0x00000000001238b4       0x4c /Users/andreuschmann/devkitPro/libctru/lib/libctru.a(os.o)
                0x00000000001238b4                osConvertVirtToPhys
 .text.osGetMemRegionUsed
                0x0000000000123900       0x24 /Users/andreuschmann/devkitPro/libctru/lib/libctru.a(os.o)
                0x0000000000123900                osGetMemRegionUsed
 *fill*         0x0000000000123924        0x4 
 .text.__libctru_gtod
                0x0000000000123928      0x128 /Users/andreuschmann/devkitPro/libctru/lib/libctru.a(os.o)
                0x0000000000123928                __libctru_gtod
 .text.__ctru_speedup_config
                0x0000000000123a50       0x18 /Users/andreuschmann/devkitPro/libctru/lib/libctru.a(os.o)
                0x0000000000123a50                __ctru_speedup_config
 .text.consoleDrawChar
                0x0000000000123a68      0x1c0 /Users/andreuschmann/devkitPro/libctru/lib/libctru.a(console.o)
                0x0000000000123a68                consoleDrawChar
 .text.consolePrintChar
                0x0000000000123c28      0x128 /Users/andreuschmann/devkitPro/libctru/lib/libctru.a(console.o)
                0x0000000000123c28                consolePrintChar
 .text.consoleCls
                0x0000000000123d50      0x184 /Users/andreuschmann/devkitPro/libctru/lib/libctru.a(console.o)
 .text.consoleInit
                0x0000000000123ed4      0x104 /Users/andreuschmann/devkitPro/libctru/lib/libctru.a(console.o)
                0x0000000000123ed4                consoleInit
 .text.consoleClearLine
                0x0000000000123fd8      0x138 /Users/andreuschmann/devkitPro/libctru/lib/libctru.a(console.o)
 .text.newRow   0x0000000000124110       0xc0 /Users/andreuschmann/devkitPro/libctru/lib/libctru.a(console.o)
 .text.con_write
                0x00000000001241d0      0x810 /Users/andreuschmann/devkitPro/libctru/lib/libctru.a(console.o)
                0x00000000001241d0                con_write
 .text.gfxSetFramebufferInfo.part.0
                0x00000000001249e0       0x8c /Users/andreuschmann/devkitPro/libctru/lib/libctru.a(gfx.o)
 .text.gfxSet3D
                0x0000000000124a6c       0x10 /Users/andreuschmann/devkitPro/libctru/lib/libctru.a(gfx.o)
                0x0000000000124a6c                gfxSet3D
 .text.gfxIs3D  0x0000000000124a7c       0x10 /Users/andreuschmann/devkitPro/libctru/lib/libctru.a(gfx.o)
                0x0000000000124a7c                gfxIs3D
 .text.__get_bytes_per_pixel
                0x0000000000124a8c       0x18 /Users/andreuschmann/devkitPro/libctru/lib/libctru.a(gfx.o)
                0x0000000000124a8c                __get_bytes_per_pixel
 .text.gfxSetScreenFormat
                0x0000000000124aa4      0x184 /Users/andreuschmann/devkitPro/libctru/lib/libctru.a(gfx.o)
                0x0000000000124aa4                gfxSetScreenFormat
 .text.gfxSetDoubleBuffering
                0x0000000000124c28       0x10 /Users/andreuschmann/devkitPro/libctru/lib/libctru.a(gfx.o)
                0x0000000000124c28                gfxSetDoubleBuffering
 .text.gfxSetFramebufferInfo
                0x0000000000124c38       0x6c /Users/andreuschmann/devkitPro/libctru/lib/libctru.a(gfx.o)
                0x0000000000124c38                gfxSetFramebufferInfo
 .text.gfxWriteFramebufferInfo
                0x0000000000124ca4       0xb0 /Users/andreuschmann/devkitPro/libctru/lib/libctru.a(gfx.o)
                0x0000000000124ca4                gfxWriteFramebufferInfo
 .text.gfxInit  0x0000000000124d54      0x210 /Users/andreuschmann/devkitPro/libctru/lib/libctru.a(gfx.o)
                0x0000000000124d54                gfxInit
 .text.gfxInitDefault
                0x0000000000124f64       0x10 /Users/andreuschmann/devkitPro/libctru/lib/libctru.a(gfx.o)
                0x0000000000124f64                gfxInitDefault
 .text.gfxExit  0x0000000000124f74       0xe0 /Users/andreuschmann/devkitPro/libctru/lib/libctru.a(gfx.o)
                0x0000000000124f74                gfxExit
 .text.gfxGetFramebuffer
                0x0000000000125054       0xa8 /Users/andreuschmann/devkitPro/libctru/lib/libctru.a(gfx.o)
                0x0000000000125054                gfxGetFramebuffer
 .text.gfxFlushBuffers
                0x00000000001250fc       0xe8 /Users/andreuschmann/devkitPro/libctru/lib/libctru.a(gfx.o)
                0x00000000001250fc                gfxFlushBuffers
 .text.gfxConfigScreen
                0x00000000001251e4       0x60 /Users/andreuschmann/devkitPro/libctru/lib/libctru.a(gfx.o)
                0x00000000001251e4                gfxConfigScreen
 .text.gfxSwapBuffersGpu
                0x0000000000125244       0x20 /Users/andreuschmann/devkitPro/libctru/lib/libctru.a(gfx.o)
                0x0000000000125244                gfxSwapBuffersGpu
 .text.threadFree.part.0
                0x0000000000125264       0x1c /Users/andreuschmann/devkitPro/libctru/lib/libctru.a(thread.o)
 .text.threadCreate
                0x0000000000125280      0x1ac /Users/andreuschmann/devkitPro/libctru/lib/libctru.a(thread.o)
                0x0000000000125280                threadCreate
 .text.threadGetHandle
                0x000000000012542c       0x24 /Users/andreuschmann/devkitPro/libctru/lib/libctru.a(thread.o)
                0x000000000012542c                threadGetHandle
 .text.threadJoin
                0x0000000000125450       0x24 /Users/andreuschmann/devkitPro/libctru/lib/libctru.a(thread.o)
                0x0000000000125450                threadJoin
 .text.threadGetCurrent
                0x0000000000125474       0x30 /Users/andreuschmann/devkitPro/libctru/lib/libctru.a(thread.o)
                0x0000000000125474                threadGetCurrent
 .text.threadExit
                0x00000000001254a4       0x64 /Users/andreuschmann/devkitPro/libctru/lib/libctru.a(thread.o)
                0x00000000001254a4                threadExit
 .text._thread_begin
                0x0000000000125508       0x40 /Users/andreuschmann/devkitPro/libctru/lib/libctru.a(thread.o)
 .text.shaderInstanceInit
                0x0000000000125548      0x1f0 /Users/andreuschmann/devkitPro/libctru/lib/libctru.a(shaderProgram.o)
                0x0000000000125548                shaderInstanceInit
 .text.shaderInstanceFree
                0x0000000000125738       0x34 /Users/andreuschmann/devkitPro/libctru/lib/libctru.a(shaderProgram.o)
                0x0000000000125738                shaderInstanceFree
 .text.shaderInstanceGetUniformLocation
                0x000000000012576c       0x18 /Users/andreuschmann/devkitPro/libctru/lib/libctru.a(shaderProgram.o)
                0x000000000012576c                shaderInstanceGetUniformLocation
 .text.shaderProgramInit
                0x0000000000125784       0x18 /Users/andreuschmann/devkitPro/libctru/lib/libctru.a(shaderProgram.o)
                0x0000000000125784                shaderProgramInit
 .text.shaderProgramFree
                0x000000000012579c       0x2c /Users/andreuschmann/devkitPro/libctru/lib/libctru.a(shaderProgram.o)
                0x000000000012579c                shaderProgramFree
 .text.shaderProgramSetVsh
                0x00000000001257c8       0x6c /Users/andreuschmann/devkitPro/libctru/lib/libctru.a(shaderProgram.o)
                0x00000000001257c8                shaderProgramSetVsh
 .text.shaderProgramConfigure
                0x0000000000125834      0x8c4 /Users/andreuschmann/devkitPro/libctru/lib/libctru.a(shaderProgram.o)
                0x0000000000125834                shaderProgramConfigure
 .text.DVLE_GenerateOutmap.part.0
                0x00000000001260f8      0x1f8 /Users/andreuschmann/devkitPro/libctru/lib/libctru.a(shbin.o)
 .text.DVLB_ParseFile
                0x00000000001262f0      0x1c8 /Users/andreuschmann/devkitPro/libctru/lib/libctru.a(shbin.o)
                0x00000000001262f0                DVLB_ParseFile
 .text.DVLB_Free
                0x00000000001264b8       0x38 /Users/andreuschmann/devkitPro/libctru/lib/libctru.a(shbin.o)
                0x00000000001264b8                DVLB_Free
 .text.DVLE_GetUniformRegister
                0x00000000001264f0       0x78 /Users/andreuschmann/devkitPro/libctru/lib/libctru.a(shbin.o)
                0x00000000001264f0                DVLE_GetUniformRegister
 .text.submitGxCommand
                0x0000000000126568       0x38 /Users/andreuschmann/devkitPro/libctru/lib/libctru.a(gx.o)
 .text.GX_BindQueue
                0x00000000001265a0       0x10 /Users/andreuschmann/devkitPro/libctru/lib/libctru.a(gx.o)
                0x00000000001265a0                GX_BindQueue
 .text.GX_ProcessCommandList
                0x00000000001265b0       0x50 /Users/andreuschmann/devkitPro/libctru/lib/libctru.a(gx.o)
                0x00000000001265b0                GX_ProcessCommandList
 .text.GX_MemoryFill
                0x0000000000126600       0x54 /Users/andreuschmann/devkitPro/libctru/lib/libctru.a(gx.o)
                0x0000000000126600                GX_MemoryFill
 .text.GX_DisplayTransfer
                0x0000000000126654       0x48 /Users/andreuschmann/devkitPro/libctru/lib/libctru.a(gx.o)
                0x0000000000126654                GX_DisplayTransfer
 .text.gxCmdQueueDoCommands.part.0
                0x000000000012669c       0x74 /Users/andreuschmann/devkitPro/libctru/lib/libctru.a(gxqueue.o)
 .text.gxCmdQueueInterrupt
                0x0000000000126710       0xc8 /Users/andreuschmann/devkitPro/libctru/lib/libctru.a(gxqueue.o)
                0x0000000000126710                gxCmdQueueInterrupt
 .text.gxCmdQueueClear
                0x00000000001267d8       0x50 /Users/andreuschmann/devkitPro/libctru/lib/libctru.a(gxqueue.o)
                0x00000000001267d8                gxCmdQueueClear
 .text.gxCmdQueueAdd
                0x0000000000126828       0xf8 /Users/andreuschmann/devkitPro/libctru/lib/libctru.a(gxqueue.o)
                0x0000000000126828                gxCmdQueueAdd
 .text.gxCmdQueueRun
                0x0000000000126920       0x80 /Users/andreuschmann/devkitPro/libctru/lib/libctru.a(gxqueue.o)
                0x0000000000126920                gxCmdQueueRun
 .text.gxCmdQueueStop
                0x00000000001269a0       0x60 /Users/andreuschmann/devkitPro/libctru/lib/libctru.a(gxqueue.o)
                0x00000000001269a0                gxCmdQueueStop
 .text.gxCmdQueueWait
                0x0000000000126a00       0x84 /Users/andreuschmann/devkitPro/libctru/lib/libctru.a(gxqueue.o)
                0x0000000000126a00                gxCmdQueueWait
 .text.GPUCMD_Add
                0x0000000000126a84      0x130 /Users/andreuschmann/devkitPro/libctru/lib/libctru.a(gpu.o)
                0x0000000000126a84                GPUCMD_Add
 .text.GPUCMD_Split
                0x0000000000126bb4       0xb4 /Users/andreuschmann/devkitPro/libctru/lib/libctru.a(gpu.o)
                0x0000000000126bb4                GPUCMD_Split
 .text.f32tof16
                0x0000000000126c68       0x34 /Users/andreuschmann/devkitPro/libctru/lib/libctru.a(gpu.o)
                0x0000000000126c68                f32tof16
 .text.f32tof24
                0x0000000000126c9c       0x34 /Users/andreuschmann/devkitPro/libctru/lib/libctru.a(gpu.o)
                0x0000000000126c9c                f32tof24
 .text.f32tof31
                0x0000000000126cd0       0x38 /Users/andreuschmann/devkitPro/libctru/lib/libctru.a(gpu.o)
                0x0000000000126cd0                f32tof31
 .text.ndspUpdateMaster
                0x0000000000126d08      0x150 /Users/andreuschmann/devkitPro/libctru/lib/libctru.a(ndsp.o)
 .text.ndspFinalize
                0x0000000000126e58       0xf0 /Users/andreuschmann/devkitPro/libctru/lib/libctru.a(ndsp.o)
 .text.ndspInitialize
                0x0000000000126f48      0x27c /Users/andreuschmann/devkitPro/libctru/lib/libctru.a(ndsp.o)
 .text.ndspAptHook
                0x00000000001271c4       0x78 /Users/andreuschmann/devkitPro/libctru/lib/libctru.a(ndsp.o)
 .text.ndspSync
                0x000000000012723c      0x168 /Users/andreuschmann/devkitPro/libctru/lib/libctru.a(ndsp.o)
 .text.ndspThreadMain
                0x00000000001273a4       0xf8 /Users/andreuschmann/devkitPro/libctru/lib/libctru.a(ndsp.o)
 .text.ndspInit
                0x000000000012749c      0x384 /Users/andreuschmann/devkitPro/libctru/lib/libctru.a(ndsp.o)
                0x000000000012749c                ndspInit
 .text.ndspExit
                0x0000000000127820       0xfc /Users/andreuschmann/devkitPro/libctru/lib/libctru.a(ndsp.o)
                0x0000000000127820                ndspExit
 .text.ndspSetOutputMode
                0x000000000012791c       0x34 /Users/andreuschmann/devkitPro/libctru/lib/libctru.a(ndsp.o)
                0x000000000012791c                ndspSetOutputMode
 .text.ndspChnReset
                0x0000000000127950       0x9c /Users/andreuschmann/devkitPro/libctru/lib/libctru.a(ndsp-channel.o)
                0x0000000000127950                ndspChnReset
 .text.ndspChnSetFormat
                0x00000000001279ec       0x18 /Users/andreuschmann/devkitPro/libctru/lib/libctru.a(ndsp-channel.o)
                0x00000000001279ec                ndspChnSetFormat
 .text.ndspChnSetInterp
                0x0000000000127a04       0x48 /Users/andreuschmann/devkitPro/libctru/lib/libctru.a(ndsp-channel.o)
                0x0000000000127a04                ndspChnSetInterp
 .text.ndspChnSetRate
                0x0000000000127a4c       0x5c /Users/andreuschmann/devkitPro/libctru/lib/libctru.a(ndsp-channel.o)
                0x0000000000127a4c                ndspChnSetRate
 .text.ndspChnSetMix
                0x0000000000127aa8       0x88 /Users/andreuschmann/devkitPro/libctru/lib/libctru.a(ndsp-channel.o)
                0x0000000000127aa8                ndspChnSetMix
 .text.ndspChnWaveBufClear
                0x0000000000127b30       0x64 /Users/andreuschmann/devkitPro/libctru/lib/libctru.a(ndsp-channel.o)
                0x0000000000127b30                ndspChnWaveBufClear
 .text.ndspChnWaveBufAdd
                0x0000000000127b94       0xb8 /Users/andreuschmann/devkitPro/libctru/lib/libctru.a(ndsp-channel.o)
                0x0000000000127b94                ndspChnWaveBufAdd
 .text.ndspiInitChn
                0x0000000000127c4c       0x34 /Users/andreuschmann/devkitPro/libctru/lib/libctru.a(ndsp-channel.o)
                0x0000000000127c4c                ndspiInitChn
 .text.ndspiDirtyChn
                0x0000000000127c80       0x28 /Users/andreuschmann/devkitPro/libctru/lib/libctru.a(ndsp-channel.o)
                0x0000000000127c80                ndspiDirtyChn
 .text.ndspiUpdateChn
                0x0000000000127ca8      0x498 /Users/andreuschmann/devkitPro/libctru/lib/libctru.a(ndsp-channel.o)
                0x0000000000127ca8                ndspiUpdateChn
 .text.ndspiReadChnState
                0x0000000000128140      0x190 /Users/andreuschmann/devkitPro/libctru/lib/libctru.a(ndsp-channel.o)
                0x0000000000128140                ndspiReadChnState
 .text.cfguInit
                0x00000000001282d0       0xa4 /Users/andreuschmann/devkitPro/libctru/lib/libctru.a(cfgu.o)
                0x00000000001282d0                cfguInit
 .text.cfguExit
                0x0000000000128374       0x3c /Users/andreuschmann/devkitPro/libctru/lib/libctru.a(cfgu.o)
                0x0000000000128374                cfguExit
 .text.CFGU_GetConfigInfoBlk2
                0x00000000001283b0       0x44 /Users/andreuschmann/devkitPro/libctru/lib/libctru.a(cfgu.o)
                0x00000000001283b0                CFGU_GetConfigInfoBlk2
 .text.dspExit  0x00000000001283f4       0x3c /Users/andreuschmann/devkitPro/libctru/lib/libctru.a(dsp.o)
                0x00000000001283f4                dspExit
 .text.DSP_FlushDataCache
                0x0000000000128430       0x4c /Users/andreuschmann/devkitPro/libctru/lib/libctru.a(dsp.o)
                0x0000000000128430                DSP_FlushDataCache
 .text.DSP_SetSemaphore
                0x000000000012847c       0x34 /Users/andreuschmann/devkitPro/libctru/lib/libctru.a(dsp.o)
                0x000000000012847c                DSP_SetSemaphore
 .text.DSP_SetSemaphoreMask
                0x00000000001284b0       0x34 /Users/andreuschmann/devkitPro/libctru/lib/libctru.a(dsp.o)
                0x00000000001284b0                DSP_SetSemaphoreMask
 .text.DSP_GetSemaphoreHandle
                0x00000000001284e4       0x38 /Users/andreuschmann/devkitPro/libctru/lib/libctru.a(dsp.o)
                0x00000000001284e4                DSP_GetSemaphoreHandle
 .text.DSP_LoadComponent
                0x000000000012851c       0x60 /Users/andreuschmann/devkitPro/libctru/lib/libctru.a(dsp.o)
                0x000000000012851c                DSP_LoadComponent
 .text.DSP_UnloadComponent
                0x000000000012857c       0x2c /Users/andreuschmann/devkitPro/libctru/lib/libctru.a(dsp.o)
                0x000000000012857c                DSP_UnloadComponent
 .text.dspInit  0x00000000001285a8       0x88 /Users/andreuschmann/devkitPro/libctru/lib/libctru.a(dsp.o)
                0x00000000001285a8                dspInit
 .text.DSP_RegisterInterruptEvents
                0x0000000000128630       0x44 /Users/andreuschmann/devkitPro/libctru/lib/libctru.a(dsp.o)
                0x0000000000128630                DSP_RegisterInterruptEvents
 .text.DSP_ReadPipeIfPossible
                0x0000000000128674       0x70 /Users/andreuschmann/devkitPro/libctru/lib/libctru.a(dsp.o)
                0x0000000000128674                DSP_ReadPipeIfPossible
 .text.DSP_WriteProcessPipe
                0x00000000001286e4       0x4c /Users/andreuschmann/devkitPro/libctru/lib/libctru.a(dsp.o)
                0x00000000001286e4                DSP_WriteProcessPipe
 .text.DSP_ConvertProcessAddressFromDspDram
                0x0000000000128730       0x40 /Users/andreuschmann/devkitPro/libctru/lib/libctru.a(dsp.o)
                0x0000000000128730                DSP_ConvertProcessAddressFromDspDram
 .text.DSP_RecvData
                0x0000000000128770       0x40 /Users/andreuschmann/devkitPro/libctru/lib/libctru.a(dsp.o)
                0x0000000000128770                DSP_RecvData
 .text.DSP_RecvDataIsReady
                0x00000000001287b0       0x4c /Users/andreuschmann/devkitPro/libctru/lib/libctru.a(dsp.o)
                0x00000000001287b0                DSP_RecvDataIsReady
 .text.gspInit  0x00000000001287fc       0x74 /Users/andreuschmann/devkitPro/libctru/lib/libctru.a(gspgpu.o)
                0x00000000001287fc                gspInit
 .text.gspExit  0x0000000000128870       0x3c /Users/andreuschmann/devkitPro/libctru/lib/libctru.a(gspgpu.o)
                0x0000000000128870                gspExit
 .text.gspSetEventCallback
                0x00000000001288ac       0x34 /Users/andreuschmann/devkitPro/libctru/lib/libctru.a(gspgpu.o)
                0x00000000001288ac                gspSetEventCallback
 .text.gspInitEventHandler
                0x00000000001288e0       0xa0 /Users/andreuschmann/devkitPro/libctru/lib/libctru.a(gspgpu.o)
                0x00000000001288e0                gspInitEventHandler
 .text.gspExitEventHandler
                0x0000000000128980       0x40 /Users/andreuschmann/devkitPro/libctru/lib/libctru.a(gspgpu.o)
                0x0000000000128980                gspExitEventHandler
 .text.gspWaitForEvent
                0x00000000001289c0       0x44 /Users/andreuschmann/devkitPro/libctru/lib/libctru.a(gspgpu.o)
                0x00000000001289c0                gspWaitForEvent
 .text.gspWaitForAnyEvent
                0x0000000000128a04       0x64 /Users/andreuschmann/devkitPro/libctru/lib/libctru.a(gspgpu.o)
                0x0000000000128a04                gspWaitForAnyEvent
 .text.gspEventThreadMain
                0x0000000000128a68      0x174 /Users/andreuschmann/devkitPro/libctru/lib/libctru.a(gspgpu.o)
 .text.gspSubmitGxCommand
                0x0000000000128bdc      0x124 /Users/andreuschmann/devkitPro/libctru/lib/libctru.a(gspgpu.o)
                0x0000000000128bdc                gspSubmitGxCommand
 .text.GSPGPU_SetBufferSwap
                0x0000000000128d00       0x6c /Users/andreuschmann/devkitPro/libctru/lib/libctru.a(gspgpu.o)
                0x0000000000128d00                GSPGPU_SetBufferSwap
 .text.GSPGPU_FlushDataCache
                0x0000000000128d6c       0x4c /Users/andreuschmann/devkitPro/libctru/lib/libctru.a(gspgpu.o)
                0x0000000000128d6c                GSPGPU_FlushDataCache
 .text.GSPGPU_SetLcdForceBlack
                0x0000000000128db8       0x34 /Users/andreuschmann/devkitPro/libctru/lib/libctru.a(gspgpu.o)
                0x0000000000128db8                GSPGPU_SetLcdForceBlack
 .text.GSPGPU_RegisterInterruptRelayQueue
                0x0000000000128dec       0x64 /Users/andreuschmann/devkitPro/libctru/lib/libctru.a(gspgpu.o)
                0x0000000000128dec                GSPGPU_RegisterInterruptRelayQueue
 .text.GSPGPU_UnregisterInterruptRelayQueue
                0x0000000000128e50       0x2c /Users/andreuschmann/devkitPro/libctru/lib/libctru.a(gspgpu.o)
                0x0000000000128e50                GSPGPU_UnregisterInterruptRelayQueue
 .text.GSPGPU_AcquireRight
                0x0000000000128e7c       0x48 /Users/andreuschmann/devkitPro/libctru/lib/libctru.a(gspgpu.o)
                0x0000000000128e7c                GSPGPU_AcquireRight
 .text.GSPGPU_ReleaseRight
                0x0000000000128ec4       0x2c /Users/andreuschmann/devkitPro/libctru/lib/libctru.a(gspgpu.o)
                0x0000000000128ec4                GSPGPU_ReleaseRight
 .text.GSPGPU_ImportDisplayCaptureInfo
                0x0000000000128ef0       0x80 /Users/andreuschmann/devkitPro/libctru/lib/libctru.a(gspgpu.o)
                0x0000000000128ef0                GSPGPU_ImportDisplayCaptureInfo
 .text.GSPGPU_SaveVramSysArea
                0x0000000000128f70       0x2c /Users/andreuschmann/devkitPro/libctru/lib/libctru.a(gspgpu.o)
                0x0000000000128f70                GSPGPU_SaveVramSysArea
 .text.GSPGPU_RestoreVramSysArea
                0x0000000000128f9c       0x2c /Users/andreuschmann/devkitPro/libctru/lib/libctru.a(gspgpu.o)
                0x0000000000128f9c                GSPGPU_RestoreVramSysArea
 .text._aptDebug
                0x0000000000128fc8        0x4 /Users/andreuschmann/devkitPro/libctru/lib/libctru.a(apt.o)
                0x0000000000128fc8                _aptDebug
 .text.aptSendCommand
                0x0000000000128fcc      0x15c /Users/andreuschmann/devkitPro/libctru/lib/libctru.a(apt.o)
                0x0000000000128fcc                aptSendCommand
 .text.aptExitProcess
                0x0000000000129128       0x3c /Users/andreuschmann/devkitPro/libctru/lib/libctru.a(apt.o)
 .text.aptHook  0x0000000000129164       0x34 /Users/andreuschmann/devkitPro/libctru/lib/libctru.a(apt.o)
                0x0000000000129164                aptHook
 .text.aptUnhook
                0x0000000000129198       0x2c /Users/andreuschmann/devkitPro/libctru/lib/libctru.a(apt.o)
                0x0000000000129198                aptUnhook
 .text.APT_InquireNotification
                0x00000000001291c4       0x4c /Users/andreuschmann/devkitPro/libctru/lib/libctru.a(apt.o)
                0x00000000001291c4                APT_InquireNotification
 .text.aptEventHandler
                0x0000000000129210      0x19c /Users/andreuschmann/devkitPro/libctru/lib/libctru.a(apt.o)
 .text.APT_AppletUtility
                0x00000000001293ac       0x74 /Users/andreuschmann/devkitPro/libctru/lib/libctru.a(apt.o)
                0x00000000001293ac                APT_AppletUtility
 .text.aptSetSleepAllowed
                0x0000000000129420       0xb0 /Users/andreuschmann/devkitPro/libctru/lib/libctru.a(apt.o)
                0x0000000000129420                aptSetSleepAllowed
 .text.APT_GlanceParameter
                0x00000000001294d0       0xb0 /Users/andreuschmann/devkitPro/libctru/lib/libctru.a(apt.o)
                0x00000000001294d0                APT_GlanceParameter
 .text.APT_ReceiveParameter
                0x0000000000129580       0xc4 /Users/andreuschmann/devkitPro/libctru/lib/libctru.a(apt.o)
                0x0000000000129580                APT_ReceiveParameter
 .text.aptReceiveParameter.constprop.1
                0x0000000000129644       0xbc /Users/andreuschmann/devkitPro/libctru/lib/libctru.a(apt.o)
 .text.aptScreenTransfer
                0x0000000000129700      0x1e8 /Users/andreuschmann/devkitPro/libctru/lib/libctru.a(apt.o)
 .text.aptWaitForWakeUp
                0x00000000001298e8      0x210 /Users/andreuschmann/devkitPro/libctru/lib/libctru.a(apt.o)
 .text.APT_CancelParameter
                0x0000000000129af8       0x70 /Users/andreuschmann/devkitPro/libctru/lib/libctru.a(apt.o)
                0x0000000000129af8                APT_CancelParameter
 .text.aptInit  0x0000000000129b68      0x270 /Users/andreuschmann/devkitPro/libctru/lib/libctru.a(apt.o)
                0x0000000000129b68                aptInit
 .text.aptClearParamQueue
                0x0000000000129dd8       0x88 /Users/andreuschmann/devkitPro/libctru/lib/libctru.a(apt.o)
 .text.aptMainLoop.part.0
                0x0000000000129e60      0x1e4 /Users/andreuschmann/devkitPro/libctru/lib/libctru.a(apt.o)
 .text.aptMainLoop
                0x000000000012a044       0x1c /Users/andreuschmann/devkitPro/libctru/lib/libctru.a(apt.o)
                0x000000000012a044                aptMainLoop
 .text.aptExit  0x000000000012a060      0x24c /Users/andreuschmann/devkitPro/libctru/lib/libctru.a(apt.o)
                0x000000000012a060                aptExit
 .text.APT_CheckNew3DS
                0x000000000012a2ac       0x7c /Users/andreuschmann/devkitPro/libctru/lib/libctru.a(apt.o)
                0x000000000012a2ac                APT_CheckNew3DS
 .text.hidExit  0x000000000012a328       0xd0 /Users/andreuschmann/devkitPro/libctru/lib/libctru.a(hid.o)
                0x000000000012a328                hidExit
 .text.hidScanInput
                0x000000000012a3f8      0x26c /Users/andreuschmann/devkitPro/libctru/lib/libctru.a(hid.o)
                0x000000000012a3f8                hidScanInput
 .text.hidKeysHeld
                0x000000000012a664       0x10 /Users/andreuschmann/devkitPro/libctru/lib/libctru.a(hid.o)
                0x000000000012a664                hidKeysHeld
 .text.hidKeysDown
                0x000000000012a674       0x10 /Users/andreuschmann/devkitPro/libctru/lib/libctru.a(hid.o)
                0x000000000012a674                hidKeysDown
 .text.hidKeysUp
                0x000000000012a684       0x10 /Users/andreuschmann/devkitPro/libctru/lib/libctru.a(hid.o)
                0x000000000012a684                hidKeysUp
 .text.hidTouchRead
                0x000000000012a694       0x18 /Users/andreuschmann/devkitPro/libctru/lib/libctru.a(hid.o)
                0x000000000012a694                hidTouchRead
 .text.hidCircleRead
                0x000000000012a6ac       0x18 /Users/andreuschmann/devkitPro/libctru/lib/libctru.a(hid.o)
                0x000000000012a6ac                hidCircleRead
 .text.HIDUSER_GetHandles
                0x000000000012a6c4       0x90 /Users/andreuschmann/devkitPro/libctru/lib/libctru.a(hid.o)
                0x000000000012a6c4                HIDUSER_GetHandles
 .text.hidInit  0x000000000012a754      0x1a8 /Users/andreuschmann/devkitPro/libctru/lib/libctru.a(hid.o)
                0x000000000012a754                hidInit
 .text.ptmSysmInit
                0x000000000012a8fc       0x74 /Users/andreuschmann/devkitPro/libctru/lib/libctru.a(ptmsysm.o)
                0x000000000012a8fc                ptmSysmInit
 .text.ptmSysmExit
                0x000000000012a970       0x3c /Users/andreuschmann/devkitPro/libctru/lib/libctru.a(ptmsysm.o)
                0x000000000012a970                ptmSysmExit
 .text.PTMSYSM_ConfigureNew3DSCPU
                0x000000000012a9ac       0x34 /Users/andreuschmann/devkitPro/libctru/lib/libctru.a(ptmsysm.o)
                0x000000000012a9ac                PTMSYSM_ConfigureNew3DSCPU
 .text.fsSessionForArchive.part.0
                0x000000000012a9e0       0x28 /Users/andreuschmann/devkitPro/libctru/lib/libctru.a(fs.o)
 .text.fsInit   0x000000000012aa08       0xd0 /Users/andreuschmann/devkitPro/libctru/lib/libctru.a(fs.o)
                0x000000000012aa08                fsInit
 .text.fsExit   0x000000000012aad8       0x3c /Users/andreuschmann/devkitPro/libctru/lib/libctru.a(fs.o)
                0x000000000012aad8                fsExit
 .text.fsExemptFromSession
                0x000000000012ab14       0x74 /Users/andreuschmann/devkitPro/libctru/lib/libctru.a(fs.o)
                0x000000000012ab14                fsExemptFromSession
 .text.fsUnexemptFromSession
                0x000000000012ab88       0x50 /Users/andreuschmann/devkitPro/libctru/lib/libctru.a(fs.o)
                0x000000000012ab88                fsUnexemptFromSession
 .text.FSUSER_OpenFile
                0x000000000012abd8       0xc0 /Users/andreuschmann/devkitPro/libctru/lib/libctru.a(fs.o)
                0x000000000012abd8                FSUSER_OpenFile
 .text.FSUSER_OpenFileDirectly
                0x000000000012ac98       0xd4 /Users/andreuschmann/devkitPro/libctru/lib/libctru.a(fs.o)
                0x000000000012ac98                FSUSER_OpenFileDirectly
 .text.FSUSER_DeleteFile